Starting AttNHP timed generation: AttNHP on retweet
Checkpoint: ./checkpoints/AttNHP/retweet/20250729_184304/1552748_139731435996352_250729-184304/models
Dataset: ./data/retweet/retweet/train.pkl
Job ID: 15674
Array Task ID: 3
============================================================
EasyTPP Timed Multistep Generation Script
============================================================

Trying with batch size: 2048

1. Loading model and dataset...
[31;1m2025-07-30 18:28:12,988 - config.py[pid:2256067;line:34:build_from_yaml_file] - CRITICAL: Load pipeline config class RunnerConfig[0m
[31;1m2025-07-30 18:28:13,025 - runner_config.py[pid:2256067;line:140:update_config] - CRITICAL: train model AttNHP using GPU with torch backend[0m
[38;20m2025-07-30 18:28:13,032 - runner_config.py[pid:2256067;line:35:__init__] - INFO: Save the config to ./checkpoints/AttNHP/retweet/20250729_184026/2256067_139860199593024_250730-182812/AttNHP_train_output.yaml[0m
✓ Successfully loaded model and dataset
Event sampler dtime_max type: <class 'float'>, value: 5.0
Using sequence length: 264 as number of prediction steps for dataset

2. Generating 264 prediction steps...
Generating 264 prediction steps...
Processing batch 1...
Original sequence length: 97, truncated to: 264 events
CUDA OOM with batch size 2048: CUDA out of memory. Tried to allocate 2.96 GiB. GPU 0 has a total capacity of 23.68 GiB of which 2.60 GiB is free. Including non-PyTorch memory, this process has 21.07 GiB memory in use. Of the allocated memory 19.76 GiB is allocated by PyTorch, and 1.07 GiB is reserved by PyTorch but unallocated. If reserved but unallocated memory is large try setting PYTORCH_CUDA_ALLOC_CONF=expandable_segments:True to avoid fragmentation.  See documentation for Memory Management  (https://pytorch.org/docs/stable/notes/cuda.html#environment-variables)

Trying with batch size: 1024

1. Loading model and dataset...
[31;1m2025-07-30 18:28:16,808 - config.py[pid:2256067;line:34:build_from_yaml_file] - CRITICAL: Load pipeline config class RunnerConfig[0m
[31;1m2025-07-30 18:28:16,812 - runner_config.py[pid:2256067;line:140:update_config] - CRITICAL: train model AttNHP using GPU with torch backend[0m
[38;20m2025-07-30 18:28:16,948 - runner_config.py[pid:2256067;line:35:__init__] - INFO: Save the config to ./checkpoints/AttNHP/retweet/20250729_184026/2256067_139860199593024_250730-182816/AttNHP_train_output.yaml[0m
✓ Successfully loaded model and dataset
Event sampler dtime_max type: <class 'float'>, value: 5.0
Using sequence length: 264 as number of prediction steps for dataset

2. Generating 264 prediction steps...
Generating 264 prediction steps...
Processing batch 1...
Original sequence length: 96, truncated to: 264 events
CUDA OOM with batch size 1024: CUDA out of memory. Tried to allocate 5.86 GiB. GPU 0 has a total capacity of 23.68 GiB of which 4.08 GiB is free. Including non-PyTorch memory, this process has 19.59 GiB memory in use. Of the allocated memory 11.20 GiB is allocated by PyTorch, and 8.15 GiB is reserved by PyTorch but unallocated. If reserved but unallocated memory is large try setting PYTORCH_CUDA_ALLOC_CONF=expandable_segments:True to avoid fragmentation.  See documentation for Memory Management  (https://pytorch.org/docs/stable/notes/cuda.html#environment-variables)

Trying with batch size: 512

1. Loading model and dataset...
[31;1m2025-07-30 18:28:18,148 - config.py[pid:2256067;line:34:build_from_yaml_file] - CRITICAL: Load pipeline config class RunnerConfig[0m
[31;1m2025-07-30 18:28:18,151 - runner_config.py[pid:2256067;line:140:update_config] - CRITICAL: train model AttNHP using GPU with torch backend[0m
[38;20m2025-07-30 18:28:18,158 - runner_config.py[pid:2256067;line:35:__init__] - INFO: Save the config to ./checkpoints/AttNHP/retweet/20250729_184026/2256067_139860199593024_250730-182818/AttNHP_train_output.yaml[0m
✓ Successfully loaded model and dataset
Event sampler dtime_max type: <class 'float'>, value: 5.0
Using sequence length: 264 as number of prediction steps for dataset

2. Generating 264 prediction steps...
Generating 264 prediction steps...
Processing batch 1...
Original sequence length: 96, truncated to: 264 events
CUDA OOM with batch size 512: CUDA out of memory. Tried to allocate 4.39 GiB. GPU 0 has a total capacity of 23.68 GiB of which 1.88 GiB is free. Including non-PyTorch memory, this process has 21.79 GiB memory in use. Of the allocated memory 18.05 GiB is allocated by PyTorch, and 3.49 GiB is reserved by PyTorch but unallocated. If reserved but unallocated memory is large try setting PYTORCH_CUDA_ALLOC_CONF=expandable_segments:True to avoid fragmentation.  See documentation for Memory Management  (https://pytorch.org/docs/stable/notes/cuda.html#environment-variables)

Trying with batch size: 256

1. Loading model and dataset...
[31;1m2025-07-30 18:28:19,205 - config.py[pid:2256067;line:34:build_from_yaml_file] - CRITICAL: Load pipeline config class RunnerConfig[0m
[31;1m2025-07-30 18:28:19,209 - runner_config.py[pid:2256067;line:140:update_config] - CRITICAL: train model AttNHP using GPU with torch backend[0m
[38;20m2025-07-30 18:28:19,216 - runner_config.py[pid:2256067;line:35:__init__] - INFO: Save the config to ./checkpoints/AttNHP/retweet/20250729_184026/2256067_139860199593024_250730-182819/AttNHP_train_output.yaml[0m
✓ Successfully loaded model and dataset
Event sampler dtime_max type: <class 'float'>, value: 5.0
Using sequence length: 264 as number of prediction steps for dataset

2. Generating 264 prediction steps...
Generating 264 prediction steps...
Processing batch 1...
Original sequence length: 96, truncated to: 264 events
CUDA OOM with batch size 256: CUDA out of memory. Tried to allocate 17.58 GiB. GPU 0 has a total capacity of 23.68 GiB of which 1.89 GiB is free. Including non-PyTorch memory, this process has 21.79 GiB memory in use. Of the allocated memory 18.92 GiB is allocated by PyTorch, and 2.63 GiB is reserved by PyTorch but unallocated. If reserved but unallocated memory is large try setting PYTORCH_CUDA_ALLOC_CONF=expandable_segments:True to avoid fragmentation.  See documentation for Memory Management  (https://pytorch.org/docs/stable/notes/cuda.html#environment-variables)

Trying with batch size: 128

1. Loading model and dataset...
[31;1m2025-07-30 18:28:20,200 - config.py[pid:2256067;line:34:build_from_yaml_file] - CRITICAL: Load pipeline config class RunnerConfig[0m
[31;1m2025-07-30 18:28:20,203 - runner_config.py[pid:2256067;line:140:update_config] - CRITICAL: train model AttNHP using GPU with torch backend[0m
[38;20m2025-07-30 18:28:20,210 - runner_config.py[pid:2256067;line:35:__init__] - INFO: Save the config to ./checkpoints/AttNHP/retweet/20250729_184026/2256067_139860199593024_250730-182820/AttNHP_train_output.yaml[0m
✓ Successfully loaded model and dataset
Event sampler dtime_max type: <class 'float'>, value: 5.0
Using sequence length: 264 as number of prediction steps for dataset

2. Generating 264 prediction steps...
Generating 264 prediction steps...
Processing batch 1...
Original sequence length: 96, truncated to: 264 events
CUDA OOM with batch size 128: CUDA out of memory. Tried to allocate 8.79 GiB. GPU 0 has a total capacity of 23.68 GiB of which 1.89 GiB is free. Including non-PyTorch memory, this process has 21.79 GiB memory in use. Of the allocated memory 18.25 GiB is allocated by PyTorch, and 3.29 GiB is reserved by PyTorch but unallocated. If reserved but unallocated memory is large try setting PYTORCH_CUDA_ALLOC_CONF=expandable_segments:True to avoid fragmentation.  See documentation for Memory Management  (https://pytorch.org/docs/stable/notes/cuda.html#environment-variables)

Trying with batch size: 64

1. Loading model and dataset...
[31;1m2025-07-30 18:28:20,796 - config.py[pid:2256067;line:34:build_from_yaml_file] - CRITICAL: Load pipeline config class RunnerConfig[0m
[31;1m2025-07-30 18:28:20,797 - runner_config.py[pid:2256067;line:140:update_config] - CRITICAL: train model AttNHP using GPU with torch backend[0m
[38;20m2025-07-30 18:28:20,805 - runner_config.py[pid:2256067;line:35:__init__] - INFO: Save the config to ./checkpoints/AttNHP/retweet/20250729_184026/2256067_139860199593024_250730-182820/AttNHP_train_output.yaml[0m
✓ Successfully loaded model and dataset
Event sampler dtime_max type: <class 'float'>, value: 5.0
Using sequence length: 264 as number of prediction steps for dataset

2. Generating 264 prediction steps...
Generating 264 prediction steps...
Processing batch 1...
Original sequence length: 96, truncated to: 264 events
CUDA OOM with batch size 64: CUDA out of memory. Tried to allocate 5.26 GiB. GPU 0 has a total capacity of 23.68 GiB of which 1.89 GiB is free. Including non-PyTorch memory, this process has 21.79 GiB memory in use. Of the allocated memory 11.78 GiB is allocated by PyTorch, and 9.77 GiB is reserved by PyTorch but unallocated. If reserved but unallocated memory is large try setting PYTORCH_CUDA_ALLOC_CONF=expandable_segments:True to avoid fragmentation.  See documentation for Memory Management  (https://pytorch.org/docs/stable/notes/cuda.html#environment-variables)

Trying with batch size: 32

1. Loading model and dataset...
[31;1m2025-07-30 18:28:31,707 - config.py[pid:2256067;line:34:build_from_yaml_file] - CRITICAL: Load pipeline config class RunnerConfig[0m
[31;1m2025-07-30 18:28:31,711 - runner_config.py[pid:2256067;line:140:update_config] - CRITICAL: train model AttNHP using GPU with torch backend[0m
[38;20m2025-07-30 18:28:31,719 - runner_config.py[pid:2256067;line:35:__init__] - INFO: Save the config to ./checkpoints/AttNHP/retweet/20250729_184026/2256067_139860199593024_250730-182831/AttNHP_train_output.yaml[0m
✓ Successfully loaded model and dataset
Event sampler dtime_max type: <class 'float'>, value: 5.0
Using sequence length: 264 as number of prediction steps for dataset

2. Generating 264 prediction steps...
Generating 264 prediction steps...
Processing batch 1...
Original sequence length: 91, truncated to: 264 events
CUDA OOM with batch size 32: CUDA out of memory. Tried to allocate 6.49 GiB. GPU 0 has a total capacity of 23.68 GiB of which 1.32 GiB is free. Including non-PyTorch memory, this process has 22.36 GiB memory in use. Of the allocated memory 12.67 GiB is allocated by PyTorch, and 9.45 GiB is reserved by PyTorch but unallocated. If reserved but unallocated memory is large try setting PYTORCH_CUDA_ALLOC_CONF=expandable_segments:True to avoid fragmentation.  See documentation for Memory Management  (https://pytorch.org/docs/stable/notes/cuda.html#environment-variables)

Trying with batch size: 16

1. Loading model and dataset...
[31;1m2025-07-30 18:29:37,993 - config.py[pid:2256067;line:34:build_from_yaml_file] - CRITICAL: Load pipeline config class RunnerConfig[0m
[31;1m2025-07-30 18:29:37,997 - runner_config.py[pid:2256067;line:140:update_config] - CRITICAL: train model AttNHP using GPU with torch backend[0m
[38;20m2025-07-30 18:29:38,005 - runner_config.py[pid:2256067;line:35:__init__] - INFO: Save the config to ./checkpoints/AttNHP/retweet/20250729_184026/2256067_139860199593024_250730-182937/AttNHP_train_output.yaml[0m
✓ Successfully loaded model and dataset
Event sampler dtime_max type: <class 'float'>, value: 5.0
Using sequence length: 264 as number of prediction steps for dataset

2. Generating 264 prediction steps...
Generating 264 prediction steps...
Processing batch 1...
Original sequence length: 86, truncated to: 264 events

3. Logging generation results...
Generation results logged to: ./generation_results_timed/AttNHP_20250730_183030.json

============================================================
GENERATION SUMMARY
============================================================
Model: AttNHP
Dataset: ./data/retweet/retweet/train.pkl
Prediction steps: 264
Total sequences processed: 16
Wall time: 50.76 seconds
Sequences per second: 0.32

TIMING BREAKDOWN:
  Neural function evaluation: 4.0318s (7.5%)
  Thinning algorithm: 49.8327s (92.5%)
  Total sampling time: 53.8645s
  Total sampling calls: 100
============================================================
Completed AttNHP timed generation: AttNHP on retweet
