Starting AttNHP timed generation: AttNHP on stackoverflow
Checkpoint: ./checkpoints/AttNHP/stackoverflow/20250729_184307/1552789_140466226635968_250729-184307/models
Dataset: ./data/stackoverflow/so_v2/train.pkl
Job ID: 15673
Array Task ID: 2
============================================================
EasyTPP Timed Multistep Generation Script
============================================================

Trying with batch size: 2048

1. Loading model and dataset...
[31;1m2025-07-30 18:28:12,987 - config.py[pid:2256075;line:34:build_from_yaml_file] - CRITICAL: Load pipeline config class RunnerConfig[0m
[31;1m2025-07-30 18:28:13,027 - runner_config.py[pid:2256075;line:140:update_config] - CRITICAL: train model AttNHP using GPU with torch backend[0m
[38;20m2025-07-30 18:28:13,034 - runner_config.py[pid:2256075;line:35:__init__] - INFO: Save the config to ./checkpoints/AttNHP/stackoverflow/20250729_184026/2256075_140431395431488_250730-182812/AttNHP_train_output.yaml[0m
✓ Successfully loaded model and dataset
Event sampler dtime_max type: <class 'float'>, value: 5.0
Using sequence length: 101 as number of prediction steps for dataset

2. Generating 101 prediction steps...
Generating 101 prediction steps...
Processing batch 1...
Original sequence length: 101, truncated to: 101 events
CUDA OOM with batch size 2048: CUDA out of memory. Tried to allocate 8.44 GiB. GPU 0 has a total capacity of 23.68 GiB of which 2.62 GiB is free. Including non-PyTorch memory, this process has 21.05 GiB memory in use. Of the allocated memory 20.66 GiB is allocated by PyTorch, and 153.20 MiB is reserved by PyTorch but unallocated. If reserved but unallocated memory is large try setting PYTORCH_CUDA_ALLOC_CONF=expandable_segments:True to avoid fragmentation.  See documentation for Memory Management  (https://pytorch.org/docs/stable/notes/cuda.html#environment-variables)

Trying with batch size: 1024

1. Loading model and dataset...
[31;1m2025-07-30 18:28:16,366 - config.py[pid:2256075;line:34:build_from_yaml_file] - CRITICAL: Load pipeline config class RunnerConfig[0m
[31;1m2025-07-30 18:28:16,371 - runner_config.py[pid:2256075;line:140:update_config] - CRITICAL: train model AttNHP using GPU with torch backend[0m
[38;20m2025-07-30 18:28:16,378 - runner_config.py[pid:2256075;line:35:__init__] - INFO: Save the config to ./checkpoints/AttNHP/stackoverflow/20250729_184026/2256075_140431395431488_250730-182816/AttNHP_train_output.yaml[0m
✓ Successfully loaded model and dataset
Event sampler dtime_max type: <class 'float'>, value: 5.0
Using sequence length: 101 as number of prediction steps for dataset

2. Generating 101 prediction steps...
Generating 101 prediction steps...
Processing batch 1...
Original sequence length: 101, truncated to: 101 events
CUDA OOM with batch size 1024: CUDA out of memory. Tried to allocate 6.17 GiB. GPU 0 has a total capacity of 23.68 GiB of which 2.61 GiB is free. Including non-PyTorch memory, this process has 21.06 GiB memory in use. Of the allocated memory 15.11 GiB is allocated by PyTorch, and 5.71 GiB is reserved by PyTorch but unallocated. If reserved but unallocated memory is large try setting PYTORCH_CUDA_ALLOC_CONF=expandable_segments:True to avoid fragmentation.  See documentation for Memory Management  (https://pytorch.org/docs/stable/notes/cuda.html#environment-variables)

Trying with batch size: 512

1. Loading model and dataset...
[31;1m2025-07-30 18:28:17,345 - config.py[pid:2256075;line:34:build_from_yaml_file] - CRITICAL: Load pipeline config class RunnerConfig[0m
[31;1m2025-07-30 18:28:17,348 - runner_config.py[pid:2256075;line:140:update_config] - CRITICAL: train model AttNHP using GPU with torch backend[0m
[38;20m2025-07-30 18:28:17,355 - runner_config.py[pid:2256075;line:35:__init__] - INFO: Save the config to ./checkpoints/AttNHP/stackoverflow/20250729_184026/2256075_140431395431488_250730-182817/AttNHP_train_output.yaml[0m
✓ Successfully loaded model and dataset
Event sampler dtime_max type: <class 'float'>, value: 5.0
Using sequence length: 101 as number of prediction steps for dataset

2. Generating 101 prediction steps...
Generating 101 prediction steps...
Processing batch 1...
Original sequence length: 101, truncated to: 101 events
CUDA OOM with batch size 512: CUDA out of memory. Tried to allocate 4.87 GiB. GPU 0 has a total capacity of 23.68 GiB of which 2.63 GiB is free. Including non-PyTorch memory, this process has 21.04 GiB memory in use. Of the allocated memory 16.80 GiB is allocated by PyTorch, and 3.99 GiB is reserved by PyTorch but unallocated. If reserved but unallocated memory is large try setting PYTORCH_CUDA_ALLOC_CONF=expandable_segments:True to avoid fragmentation.  See documentation for Memory Management  (https://pytorch.org/docs/stable/notes/cuda.html#environment-variables)

Trying with batch size: 256

1. Loading model and dataset...
[31;1m2025-07-30 18:28:18,144 - config.py[pid:2256075;line:34:build_from_yaml_file] - CRITICAL: Load pipeline config class RunnerConfig[0m
[31;1m2025-07-30 18:28:18,147 - runner_config.py[pid:2256075;line:140:update_config] - CRITICAL: train model AttNHP using GPU with torch backend[0m
[38;20m2025-07-30 18:28:18,154 - runner_config.py[pid:2256075;line:35:__init__] - INFO: Save the config to ./checkpoints/AttNHP/stackoverflow/20250729_184026/2256075_140431395431488_250730-182818/AttNHP_train_output.yaml[0m
✓ Successfully loaded model and dataset
Event sampler dtime_max type: <class 'float'>, value: 5.0
Using sequence length: 101 as number of prediction steps for dataset

2. Generating 101 prediction steps...
Generating 101 prediction steps...
Processing batch 1...
Original sequence length: 101, truncated to: 101 events
CUDA OOM with batch size 256: CUDA out of memory. Tried to allocate 4.87 GiB. GPU 0 has a total capacity of 23.68 GiB of which 2.64 GiB is free. Including non-PyTorch memory, this process has 21.04 GiB memory in use. Of the allocated memory 13.27 GiB is allocated by PyTorch, and 7.52 GiB is reserved by PyTorch but unallocated. If reserved but unallocated memory is large try setting PYTORCH_CUDA_ALLOC_CONF=expandable_segments:True to avoid fragmentation.  See documentation for Memory Management  (https://pytorch.org/docs/stable/notes/cuda.html#environment-variables)

Trying with batch size: 128

1. Loading model and dataset...
[31;1m2025-07-30 18:28:18,636 - config.py[pid:2256075;line:34:build_from_yaml_file] - CRITICAL: Load pipeline config class RunnerConfig[0m
[31;1m2025-07-30 18:28:18,636 - runner_config.py[pid:2256075;line:140:update_config] - CRITICAL: train model AttNHP using GPU with torch backend[0m
[38;20m2025-07-30 18:28:18,644 - runner_config.py[pid:2256075;line:35:__init__] - INFO: Save the config to ./checkpoints/AttNHP/stackoverflow/20250729_184026/2256075_140431395431488_250730-182818/AttNHP_train_output.yaml[0m
✓ Successfully loaded model and dataset
Event sampler dtime_max type: <class 'float'>, value: 5.0
Using sequence length: 101 as number of prediction steps for dataset

2. Generating 101 prediction steps...
Generating 101 prediction steps...
Processing batch 1...
Original sequence length: 101, truncated to: 101 events
CUDA OOM with batch size 128: CUDA out of memory. Tried to allocate 9.73 GiB. GPU 0 has a total capacity of 23.68 GiB of which 2.90 GiB is free. Including non-PyTorch memory, this process has 20.77 GiB memory in use. Of the allocated memory 14.73 GiB is allocated by PyTorch, and 5.80 GiB is reserved by PyTorch but unallocated. If reserved but unallocated memory is large try setting PYTORCH_CUDA_ALLOC_CONF=expandable_segments:True to avoid fragmentation.  See documentation for Memory Management  (https://pytorch.org/docs/stable/notes/cuda.html#environment-variables)

Trying with batch size: 64

1. Loading model and dataset...
[31;1m2025-07-30 18:28:19,020 - config.py[pid:2256075;line:34:build_from_yaml_file] - CRITICAL: Load pipeline config class RunnerConfig[0m
[31;1m2025-07-30 18:28:19,024 - runner_config.py[pid:2256075;line:140:update_config] - CRITICAL: train model AttNHP using GPU with torch backend[0m
[38;20m2025-07-30 18:28:19,031 - runner_config.py[pid:2256075;line:35:__init__] - INFO: Save the config to ./checkpoints/AttNHP/stackoverflow/20250729_184026/2256075_140431395431488_250730-182819/AttNHP_train_output.yaml[0m
✓ Successfully loaded model and dataset
Event sampler dtime_max type: <class 'float'>, value: 5.0
Using sequence length: 101 as number of prediction steps for dataset

2. Generating 101 prediction steps...
Generating 101 prediction steps...
Processing batch 1...
Original sequence length: 101, truncated to: 101 events
CUDA OOM with batch size 64: CUDA out of memory. Tried to allocate 4.87 GiB. GPU 0 has a total capacity of 23.68 GiB of which 2.90 GiB is free. Including non-PyTorch memory, this process has 20.77 GiB memory in use. Of the allocated memory 12.23 GiB is allocated by PyTorch, and 8.29 GiB is reserved by PyTorch but unallocated. If reserved but unallocated memory is large try setting PYTORCH_CUDA_ALLOC_CONF=expandable_segments:True to avoid fragmentation.  See documentation for Memory Management  (https://pytorch.org/docs/stable/notes/cuda.html#environment-variables)

Trying with batch size: 32

1. Loading model and dataset...
[31;1m2025-07-30 18:28:19,295 - config.py[pid:2256075;line:34:build_from_yaml_file] - CRITICAL: Load pipeline config class RunnerConfig[0m
[31;1m2025-07-30 18:28:19,296 - runner_config.py[pid:2256075;line:140:update_config] - CRITICAL: train model AttNHP using GPU with torch backend[0m
[38;20m2025-07-30 18:28:19,304 - runner_config.py[pid:2256075;line:35:__init__] - INFO: Save the config to ./checkpoints/AttNHP/stackoverflow/20250729_184026/2256075_140431395431488_250730-182819/AttNHP_train_output.yaml[0m
✓ Successfully loaded model and dataset
Event sampler dtime_max type: <class 'float'>, value: 5.0
Using sequence length: 101 as number of prediction steps for dataset

2. Generating 101 prediction steps...
Generating 101 prediction steps...
Processing batch 1...
Original sequence length: 101, truncated to: 101 events
CUDA OOM with batch size 32: CUDA out of memory. Tried to allocate 4.35 GiB. GPU 0 has a total capacity of 23.68 GiB of which 2.90 GiB is free. Including non-PyTorch memory, this process has 20.77 GiB memory in use. Of the allocated memory 11.29 GiB is allocated by PyTorch, and 9.24 GiB is reserved by PyTorch but unallocated. If reserved but unallocated memory is large try setting PYTORCH_CUDA_ALLOC_CONF=expandable_segments:True to avoid fragmentation.  See documentation for Memory Management  (https://pytorch.org/docs/stable/notes/cuda.html#environment-variables)

Trying with batch size: 16

1. Loading model and dataset...
[31;1m2025-07-30 18:28:48,033 - config.py[pid:2256075;line:34:build_from_yaml_file] - CRITICAL: Load pipeline config class RunnerConfig[0m
[31;1m2025-07-30 18:28:48,037 - runner_config.py[pid:2256075;line:140:update_config] - CRITICAL: train model AttNHP using GPU with torch backend[0m
[38;20m2025-07-30 18:28:48,044 - runner_config.py[pid:2256075;line:35:__init__] - INFO: Save the config to ./checkpoints/AttNHP/stackoverflow/20250729_184026/2256075_140431395431488_250730-182848/AttNHP_train_output.yaml[0m
✓ Successfully loaded model and dataset
Event sampler dtime_max type: <class 'float'>, value: 5.0
Using sequence length: 101 as number of prediction steps for dataset

2. Generating 101 prediction steps...
Generating 101 prediction steps...
Processing batch 1...
Original sequence length: 90, truncated to: 101 events

3. Logging generation results...
Generation results logged to: ./generation_results_timed/AttNHP_20250730_182948.json

============================================================
GENERATION SUMMARY
============================================================
Model: AttNHP
Dataset: ./data/stackoverflow/so_v2/train.pkl
Prediction steps: 101
Total sequences processed: 16
Wall time: 60.01 seconds
Sequences per second: 0.27

TIMING BREAKDOWN:
  Neural function evaluation: 3.9123s (6.2%)
  Thinning algorithm: 59.1497s (93.8%)
  Total sampling time: 63.0619s
  Total sampling calls: 100
============================================================
Completed AttNHP timed generation: AttNHP on stackoverflow
