Starting timed generation: THP on stackoverflow
Checkpoint: ./checkpoints/THP/stackoverflow/20250730_140533/2118000_140178674213952_250730-140533/models
Dataset: ./data/stackoverflow/so_v2/train.pkl
Job ID: 15680
Array Task ID: 4
============================================================
EasyTPP Timed Multistep Generation Script
============================================================

Trying with batch size: 2048

1. Loading model and dataset...
[31;1m2025-07-30 18:57:26,547 - config.py[pid:2269408;line:34:build_from_yaml_file] - CRITICAL: Load pipeline config class RunnerConfig[0m
[31;1m2025-07-30 18:57:26,567 - runner_config.py[pid:2269408;line:140:update_config] - CRITICAL: train model THP using GPU with torch backend[0m
[38;20m2025-07-30 18:57:26,574 - runner_config.py[pid:2269408;line:35:__init__] - INFO: Save the config to ./checkpoints/THP/stackoverflow/20250730_120947/2269408_139750855275584_250730-185726/THP_train_output.yaml[0m
✓ Successfully loaded model and dataset
Event sampler dtime_max type: <class 'float'>, value: 5.0
Using sequence length: 101 as number of prediction steps for dataset

2. Generating 101 prediction steps...
Generating 101 prediction steps...
Processing batch 1...
Original sequence length: 101, truncated to: 101 events

3. Logging generation results...
Generation results logged to: ./generation_results_timed/THP_20250730_185857.json

============================================================
GENERATION SUMMARY
============================================================
Model: THP
Dataset: ./data/stackoverflow/so_v2/train.pkl
Prediction steps: 101
Total sequences processed: 1401
Wall time: 89.27 seconds
Sequences per second: 15.69

TIMING BREAKDOWN:
  Neural function evaluation: 1.8196s (2.3%)
  Thinning algorithm: 78.0271s (97.7%)
  Total sampling time: 79.8467s
  Total sampling calls: 100
============================================================
Completed timed generation: THP on stackoverflow
