Starting timed generation: THP on retweet
Checkpoint: ./checkpoints/THP/retweet/20250729_172611/1547843_140527782921408_250729-172611/models
Dataset: ./data/retweet/retweet/train.pkl
Job ID: 15677
Array Task ID: 1
============================================================
EasyTPP Timed Multistep Generation Script
============================================================

Trying with batch size: 2048

1. Loading model and dataset...
[31;1m2025-07-30 18:57:26,547 - config.py[pid:2269399;line:34:build_from_yaml_file] - CRITICAL: Load pipeline config class RunnerConfig[0m
[31;1m2025-07-30 18:57:26,579 - runner_config.py[pid:2269399;line:140:update_config] - CRITICAL: train model THP using GPU with torch backend[0m
[38;20m2025-07-30 18:57:26,586 - runner_config.py[pid:2269399;line:35:__init__] - INFO: Save the config to ./checkpoints/THP/retweet/20250729_172611/2269399_140702831060032_250730-185726/THP_train_output.yaml[0m
✓ Successfully loaded model and dataset
Event sampler dtime_max type: <class 'float'>, value: 5.0
Using sequence length: 264 as number of prediction steps for dataset

2. Generating 264 prediction steps...
Generating 264 prediction steps...
Processing batch 1...
Original sequence length: 97, truncated to: 264 events
Processing batch 2...
Original sequence length: 97, truncated to: 264 events
Processing batch 3...
Original sequence length: 97, truncated to: 264 events

3. Logging generation results...
Generation results logged to: ./generation_results_timed/THP_20250730_185839.json

============================================================
GENERATION SUMMARY
============================================================
Model: THP
Dataset: ./data/retweet/retweet/train.pkl
Prediction steps: 264
Total sequences processed: 6144
Wall time: 71.05 seconds
Sequences per second: 86.48

TIMING BREAKDOWN:
  Neural function evaluation: 1.5090s (2.2%)
  Thinning algorithm: 67.7877s (97.8%)
  Total sampling time: 69.2967s
  Total sampling calls: 300
============================================================
Completed timed generation: THP on retweet
