Starting generation: IntensityFree on taxi
Checkpoint: ./checkpoints/IntensityFree/taxi/20250729_184026/1552401_140364318291136_250729-184026/models
Dataset: ./data/taxi/taxi/train.pkl
Job ID: 15563
Array Task ID: 22
============================================================
EasyTPP Multistep Generation Script
============================================================

Trying with batch size: 1024

1. Loading IntensityFree model and dataset...
[31;1m2025-07-30 11:46:37,955 - config.py[pid:2034911;line:34:build_from_yaml_file] - CRITICAL: Load pipeline config class RunnerConfig[0m
[31;1m2025-07-30 11:46:38,023 - runner_config.py[pid:2034911;line:140:update_config] - CRITICAL: train model IntensityFree using GPU with torch backend[0m
[38;20m2025-07-30 11:46:38,031 - runner_config.py[pid:2034911;line:35:__init__] - INFO: Save the config to ./test_checkpoints/IntensityFree/taxi/20250729_183707/2034911_140574310589504_250730-114637/IntensityFree_train_output.yaml[0m
Event sampler dtime_max type: <class 'float'>, value: 5.0
✓ Successfully loaded model and dataset
Using sequence length: 38 as number of prediction steps for dataset

2. Generating 38 prediction steps...
Generating 38 prediction steps...
Processing batch 1...
Original sequence length: 38, truncated to: 2 events
Processing batch 2...
Original sequence length: 38, truncated to: 2 events

3. Logging generation results...
Generation results logged to: ./generation_results/IntensityFree_taxi_20250730_114640.json

============================================================
GENERATION SUMMARY
============================================================
Model: IntensityFree
Dataset: ./data/taxi/taxi/train.pkl
Prediction steps: 38
Total sequences processed: 1400
Wall time: 0.35 seconds
Sequences per second: 3963.30
============================================================
Completed generation: IntensityFree on taxi
