Starting generation: THP on retweet
Checkpoint: ./checkpoints/THP/retweet/20250729_172611/1547843_140527782921408_250729-172611/models
Dataset: ./data/retweet/retweet/train.pkl
Job ID: 15542
Array Task ID: 1
============================================================
EasyTPP Multistep Generation Script
============================================================

Trying with batch size: 1024

1. Loading THP model and dataset...
[31;1m2025-07-30 11:46:05,468 - config.py[pid:2033098;line:34:build_from_yaml_file] - CRITICAL: Load pipeline config class RunnerConfig[0m
[31;1m2025-07-30 11:46:05,500 - runner_config.py[pid:2033098;line:140:update_config] - CRITICAL: train model THP using GPU with torch backend[0m
[38;20m2025-07-30 11:46:05,508 - runner_config.py[pid:2033098;line:35:__init__] - INFO: Save the config to ./checkpoints/THP/retweet/20250729_172611/2033098_140358574605376_250730-114605/THP_train_output.yaml[0m
Event sampler dtime_max type: <class 'float'>, value: 5.0
✓ Successfully loaded model and dataset
Using sequence length: 264 as number of prediction steps for dataset

2. Generating 264 prediction steps...
Generating 264 prediction steps...
Processing batch 1...
Original sequence length: 96, truncated to: 2 events
Processing batch 2...
Original sequence length: 97, truncated to: 2 events
Processing batch 3...
Original sequence length: 97, truncated to: 2 events

3. Logging generation results...
Generation results logged to: ./generation_results/THP_retweet_20250730_114619.json

============================================================
GENERATION SUMMARY
============================================================
Model: THP
Dataset: ./data/retweet/retweet/train.pkl
Prediction steps: 264
Total sequences processed: 3072
Wall time: 11.92 seconds
Sequences per second: 257.64
============================================================
Completed generation: THP on retweet
