Starting timed generation: THP on amazon
Checkpoint: ./checkpoints/THP/amazon/20250730_120325/2049170_140698318279744_250730-120325/models
Dataset: ./data/amazon/amazon/train.pkl
Job ID: 15678
Array Task ID: 2
============================================================
EasyTPP Timed Multistep Generation Script
============================================================

Trying with batch size: 2048

1. Loading model and dataset...
[31;1m2025-07-30 18:57:26,547 - config.py[pid:2269398;line:34:build_from_yaml_file] - CRITICAL: Load pipeline config class RunnerConfig[0m
[31;1m2025-07-30 18:57:26,551 - runner_config.py[pid:2269398;line:140:update_config] - CRITICAL: train model THP using CPU with torch backend[0m
[38;20m2025-07-30 18:57:26,558 - runner_config.py[pid:2269398;line:35:__init__] - INFO: Save the config to ./checkpoints/THP/amazon/20250730_120325/2269398_140413192488000_250730-185726/THP_train_output.yaml[0m
✓ Successfully loaded model and dataset
Event sampler dtime_max type: <class 'float'>, value: 5.0
Using sequence length: 94 as number of prediction steps for dataset

2. Generating 94 prediction steps...
Generating 94 prediction steps...
Processing batch 1...
Original sequence length: 94, truncated to: 94 events
Processing batch 2...
Original sequence length: 94, truncated to: 94 events
Processing batch 3...
Original sequence length: 94, truncated to: 94 events

3. Logging generation results...
Generation results logged to: ./generation_results_timed/THP_20250730_193550.json

============================================================
GENERATION SUMMARY
============================================================
Model: THP
Dataset: ./data/amazon/amazon/train.pkl
Prediction steps: 94
Total sequences processed: 6144
Wall time: 2302.83 seconds
Sequences per second: 2.67

TIMING BREAKDOWN:
  Neural function evaluation: 525.5717s (29.4%)
  Thinning algorithm: 1259.6847s (70.6%)
  Total sampling time: 1785.2564s
  Total sampling calls: 300
============================================================
Completed timed generation: THP on amazon
