Starting generation: IntensityFree on retweet
Checkpoint: ./checkpoints/IntensityFree/retweet/20250729_184026/1552402_140613232231616_250729-184026/models
Dataset: ./data/retweet/retweet/train.pkl
Job ID: 15539
Array Task ID: 25
============================================================
EasyTPP Multistep Generation Script
============================================================

Trying with batch size: 1024

1. Loading IntensityFree model and dataset...
[31;1m2025-07-30 11:30:40,844 - config.py[pid:2021313;line:34:build_from_yaml_file] - CRITICAL: Load pipeline config class RunnerConfig[0m
[31;1m2025-07-30 11:30:40,897 - runner_config.py[pid:2021313;line:140:update_config] - CRITICAL: train model IntensityFree using GPU with torch backend[0m
[38;20m2025-07-30 11:30:40,905 - runner_config.py[pid:2021313;line:35:__init__] - INFO: Save the config to ./checkpoints/IntensityFree/retweet/20250729_184026/2021313_140177337697344_250730-113040/IntensityFree_train_output.yaml[0m
Event sampler dtime_max type: <class 'float'>, value: 5.0
✓ Successfully loaded model and dataset
Using sequence length: 110 as number of prediction steps for dataset

2. Generating 110 prediction steps...
Generating 110 prediction steps...
Processing batch 1...
Original sequence length: 96, truncated to: 2 events
Processing batch 2...
Original sequence length: 97, truncated to: 2 events
Processing batch 3...
Original sequence length: 97, truncated to: 2 events

3. Logging generation results...
Generation results logged to: ./generation_results/IntensityFree_retweet_20250730_113044.json

============================================================
GENERATION SUMMARY
============================================================
Model: IntensityFree
Dataset: ./data/retweet/retweet/train.pkl
Prediction steps: 110
Total sequences processed: 3072
Wall time: 1.45 seconds
Sequences per second: 2120.23
============================================================
Completed generation: IntensityFree on retweet
