Starting timed generation: NHP on retweet
Checkpoint: ./checkpoints/NHP/retweet/20250729_171833/1547206_140140744295616_250729-171833/models
Dataset: ./data/retweet/retweet/train.pkl
Job ID: 15694
Array Task ID: 18
============================================================
EasyTPP Timed Multistep Generation Script
============================================================

Trying with batch size: 2048

1. Loading model and dataset...
[31;1m2025-07-30 18:59:53,562 - config.py[pid:2270932;line:34:build_from_yaml_file] - CRITICAL: Load pipeline config class RunnerConfig[0m
[31;1m2025-07-30 18:59:53,603 - runner_config.py[pid:2270932;line:140:update_config] - CRITICAL: train model NHP using GPU with torch backend[0m
[38;20m2025-07-30 18:59:53,611 - runner_config.py[pid:2270932;line:35:__init__] - INFO: Save the config to ./checkpoints/NHP/retweet/20250729_171833/2270932_140297432187968_250730-185953/NHP_train_output.yaml[0m
✓ Successfully loaded model and dataset
Event sampler dtime_max type: <class 'float'>, value: 5.0
Using sequence length: 264 as number of prediction steps for dataset

2. Generating 264 prediction steps...
Generating 264 prediction steps...
Processing batch 1...
Original sequence length: 97, truncated to: 264 events
Processing batch 2...
Original sequence length: 97, truncated to: 264 events
Processing batch 3...
Original sequence length: 97, truncated to: 264 events

3. Logging generation results...
Generation results logged to: ./generation_results_timed/NHP_20250730_190029.json

============================================================
GENERATION SUMMARY
============================================================
Model: NHP
Dataset: ./data/retweet/retweet/train.pkl
Prediction steps: 264
Total sequences processed: 6144
Wall time: 33.78 seconds
Sequences per second: 181.89

TIMING BREAKDOWN:
  Neural function evaluation: 10.6735s (46.3%)
  Thinning algorithm: 12.3854s (53.7%)
  Total sampling time: 23.0589s
  Total sampling calls: 300
============================================================
Completed timed generation: NHP on retweet
