Starting timed generation: THP on taxi
Checkpoint: ./checkpoints/THP/taxi/20250729_172516/1547788_139709305361600_250729-172516/models
Dataset: ./data/taxi/taxi/train.pkl
Job ID: 15676
Array Task ID: 0
============================================================
EasyTPP Timed Multistep Generation Script
============================================================

Trying with batch size: 2048

1. Loading model and dataset...
[31;1m2025-07-30 18:57:26,547 - config.py[pid:2269395;line:34:build_from_yaml_file] - CRITICAL: Load pipeline config class RunnerConfig[0m
[31;1m2025-07-30 18:57:26,567 - runner_config.py[pid:2269395;line:140:update_config] - CRITICAL: train model THP using GPU with torch backend[0m
[38;20m2025-07-30 18:57:26,574 - runner_config.py[pid:2269395;line:35:__init__] - INFO: Save the config to ./checkpoints/THP/taxi/20250729_172516/2269395_140556054860864_250730-185726/THP_train_output.yaml[0m
✓ Successfully loaded model and dataset
Event sampler dtime_max type: <class 'float'>, value: 5.0
Using sequence length: 38 as number of prediction steps for dataset

2. Generating 38 prediction steps...
Generating 38 prediction steps...
Processing batch 1...
Original sequence length: 38, truncated to: 38 events

3. Logging generation results...
Generation results logged to: ./generation_results_timed/THP_20250730_185801.json

============================================================
GENERATION SUMMARY
============================================================
Model: THP
Dataset: ./data/taxi/taxi/train.pkl
Prediction steps: 38
Total sequences processed: 1400
Wall time: 33.24 seconds
Sequences per second: 42.12

TIMING BREAKDOWN:
  Neural function evaluation: 0.6060s (1.9%)
  Thinning algorithm: 31.9998s (98.1%)
  Total sampling time: 32.6058s
  Total sampling calls: 100
============================================================
Completed timed generation: THP on taxi
