Starting generation: RMTPP on amazon
Checkpoint: ./checkpoints/RMTPP/amazon/20250729_171829/1547140_140226742162624_250729-171829/models
Dataset: ./data/amazon/amazon/train.pkl
Job ID: 15525
Array Task ID: 11
============================================================
EasyTPP Multistep Generation Script
============================================================

Trying with batch size: 1024

1. Loading RMTPP model and dataset...
[31;1m2025-07-30 11:30:18,362 - config.py[pid:2020613;line:34:build_from_yaml_file] - CRITICAL: Load pipeline config class RunnerConfig[0m
[31;1m2025-07-30 11:30:18,419 - runner_config.py[pid:2020613;line:140:update_config] - CRITICAL: train model RMTPP using GPU with torch backend[0m
[38;20m2025-07-30 11:30:18,426 - runner_config.py[pid:2020613;line:35:__init__] - INFO: Save the config to ./checkpoints/RMTPP/amazon/20250729_171829/2020613_140243427091520_250730-113018/RMTPP_train_output.yaml[0m
Event sampler dtime_max type: <class 'float'>, value: 5.0
✓ Successfully loaded model and dataset
Using sequence length: 50 as number of prediction steps for dataset

2. Generating 50 prediction steps...
Generating 50 prediction steps...
Processing batch 1...
Original sequence length: 94, truncated to: 2 events
Processing batch 2...
Original sequence length: 93, truncated to: 2 events
Processing batch 3...
Original sequence length: 93, truncated to: 2 events

3. Logging generation results...
Generation results logged to: ./generation_results/RMTPP_amazon_20250730_113021.json

============================================================
GENERATION SUMMARY
============================================================
Model: RMTPP
Dataset: ./data/amazon/amazon/train.pkl
Prediction steps: 50
Total sequences processed: 3072
Wall time: 1.50 seconds
Sequences per second: 2042.67
============================================================
Completed generation: RMTPP on amazon
