Starting generation: THP on taxi
Checkpoint: ./checkpoints/THP/taxi/20250729_172516/1547788_139709305361600_250729-172516/models
Dataset: ./data/taxi/taxi/train.pkl
Job ID: 15541
Array Task ID: 0
============================================================
EasyTPP Multistep Generation Script
============================================================

Trying with batch size: 1024

1. Loading THP model and dataset...
[31;1m2025-07-30 11:46:05,468 - config.py[pid:2033096;line:34:build_from_yaml_file] - CRITICAL: Load pipeline config class RunnerConfig[0m
[31;1m2025-07-30 11:46:05,500 - runner_config.py[pid:2033096;line:140:update_config] - CRITICAL: train model THP using GPU with torch backend[0m
[38;20m2025-07-30 11:46:05,507 - runner_config.py[pid:2033096;line:35:__init__] - INFO: Save the config to ./checkpoints/THP/taxi/20250729_172516/2033096_140701252535360_250730-114605/THP_train_output.yaml[0m
Event sampler dtime_max type: <class 'float'>, value: 5.0
✓ Successfully loaded model and dataset
Using sequence length: 38 as number of prediction steps for dataset

2. Generating 38 prediction steps...
Generating 38 prediction steps...
Processing batch 1...
Original sequence length: 38, truncated to: 2 events
Processing batch 2...
Original sequence length: 38, truncated to: 2 events

3. Logging generation results...
Generation results logged to: ./generation_results/THP_taxi_20250730_114620.json

============================================================
GENERATION SUMMARY
============================================================
Model: THP
Dataset: ./data/taxi/taxi/train.pkl
Prediction steps: 38
Total sequences processed: 1400
Wall time: 12.62 seconds
Sequences per second: 110.93
============================================================
Completed generation: THP on taxi
