Starting timed generation: SAHP on amazon
Checkpoint: ./checkpoints/SAHP/amazon/20250729_172150/1547579_140565013820608_250729-172150/models
Dataset: ./data/amazon/amazon/train.pkl
Job ID: 15685
Array Task ID: 9
============================================================
EasyTPP Timed Multistep Generation Script
============================================================

Trying with batch size: 2048

1. Loading model and dataset...
[31;1m2025-07-30 18:58:42,854 - config.py[pid:2270213;line:34:build_from_yaml_file] - CRITICAL: Load pipeline config class RunnerConfig[0m
[31;1m2025-07-30 18:58:46,311 - runner_config.py[pid:2270213;line:140:update_config] - CRITICAL: train model SAHP using GPU with torch backend[0m
[38;20m2025-07-30 18:58:46,319 - runner_config.py[pid:2270213;line:35:__init__] - INFO: Save the config to ./checkpoints/SAHP/amazon/20250729_172150/2270213_139937474884672_250730-185842/SAHP_train_output.yaml[0m
✓ Successfully loaded model and dataset
Event sampler dtime_max type: <class 'float'>, value: 5.0
Using sequence length: 94 as number of prediction steps for dataset

2. Generating 94 prediction steps...
Generating 94 prediction steps...
Processing batch 1...
Original sequence length: 94, truncated to: 94 events
CUDA OOM with batch size 2048: CUDA out of memory. Tried to allocate 8.79 GiB. GPU 0 has a total capacity of 23.68 GiB of which 8.72 GiB is free. Including non-PyTorch memory, this process has 14.95 GiB memory in use. Of the allocated memory 8.99 GiB is allocated by PyTorch, and 5.72 GiB is reserved by PyTorch but unallocated. If reserved but unallocated memory is large try setting PYTORCH_CUDA_ALLOC_CONF=expandable_segments:True to avoid fragmentation.  See documentation for Memory Management  (https://pytorch.org/docs/stable/notes/cuda.html#environment-variables)

Trying with batch size: 1024

1. Loading model and dataset...
[31;1m2025-07-30 18:59:30,390 - config.py[pid:2270213;line:34:build_from_yaml_file] - CRITICAL: Load pipeline config class RunnerConfig[0m
[31;1m2025-07-30 18:59:30,394 - runner_config.py[pid:2270213;line:140:update_config] - CRITICAL: train model SAHP using GPU with torch backend[0m
[38;20m2025-07-30 18:59:30,401 - runner_config.py[pid:2270213;line:35:__init__] - INFO: Save the config to ./checkpoints/SAHP/amazon/20250729_172150/2270213_139937474884672_250730-185930/SAHP_train_output.yaml[0m
✓ Successfully loaded model and dataset
Event sampler dtime_max type: <class 'float'>, value: 5.0
Using sequence length: 94 as number of prediction steps for dataset

2. Generating 94 prediction steps...
Generating 94 prediction steps...
Processing batch 1...
Original sequence length: 94, truncated to: 94 events
Processing batch 2...
Original sequence length: 93, truncated to: 94 events
Processing batch 3...
Original sequence length: 93, truncated to: 94 events

3. Logging generation results...
Generation results logged to: ./generation_results_timed/SAHP_20250730_185956.json

============================================================
GENERATION SUMMARY
============================================================
Model: SAHP
Dataset: ./data/amazon/amazon/train.pkl
Prediction steps: 94
Total sequences processed: 3072
Wall time: 26.11 seconds
Sequences per second: 117.64

TIMING BREAKDOWN:
  Neural function evaluation: 0.5253s (2.1%)
  Thinning algorithm: 25.0704s (97.9%)
  Total sampling time: 25.5957s
  Total sampling calls: 300
============================================================
Completed timed generation: SAHP on amazon
