Starting generation: NHP on taxi
Checkpoint: ./checkpoints/NHP/taxi/20250729_171832/1547204_139728506623168_250729-171832/models
Dataset: ./data/taxi/taxi/train.pkl
Job ID: 15553
Array Task ID: 12
============================================================
EasyTPP Multistep Generation Script
============================================================

Trying with batch size: 1024

1. Loading NHP model and dataset...
[31;1m2025-07-30 11:46:23,059 - config.py[pid:2033869;line:34:build_from_yaml_file] - CRITICAL: Load pipeline config class RunnerConfig[0m
[31;1m2025-07-30 11:46:23,217 - runner_config.py[pid:2033869;line:140:update_config] - CRITICAL: train model NHP using GPU with torch backend[0m
[38;20m2025-07-30 11:46:23,227 - runner_config.py[pid:2033869;line:35:__init__] - INFO: Save the config to ./checkpoints/NHP/taxi/20250729_171832/2033869_140416447706176_250730-114623/NHP_train_output.yaml[0m
Event sampler dtime_max type: <class 'float'>, value: 5.0
✓ Successfully loaded model and dataset
Using sequence length: 38 as number of prediction steps for dataset

2. Generating 38 prediction steps...
Generating 38 prediction steps...
Processing batch 1...
Original sequence length: 38, truncated to: 2 events
Processing batch 2...
Original sequence length: 38, truncated to: 2 events

3. Logging generation results...
Generation results logged to: ./generation_results/NHP_taxi_20250730_114635.json

============================================================
GENERATION SUMMARY
============================================================
Model: NHP
Dataset: ./data/taxi/taxi/train.pkl
Prediction steps: 38
Total sequences processed: 1400
Wall time: 10.44 seconds
Sequences per second: 134.07
============================================================
Completed generation: NHP on taxi
