Starting generation: NHP on amazon
Checkpoint: ./checkpoints/NHP/amazon/20250729_171835/1547251_139924135015616_250729-171835/models
Dataset: ./data/amazon/amazon/train.pkl
Job ID: 15557
Array Task ID: 16
============================================================
EasyTPP Multistep Generation Script
============================================================

Trying with batch size: 1024

1. Loading NHP model and dataset...
[31;1m2025-07-30 11:46:28,613 - config.py[pid:2034283;line:34:build_from_yaml_file] - CRITICAL: Load pipeline config class RunnerConfig[0m
[31;1m2025-07-30 11:46:28,648 - runner_config.py[pid:2034283;line:140:update_config] - CRITICAL: train model NHP using GPU with torch backend[0m
[38;20m2025-07-30 11:46:28,656 - runner_config.py[pid:2034283;line:35:__init__] - INFO: Save the config to ./checkpoints/NHP/amazon/20250729_171835/2034283_139669608154176_250730-114628/NHP_train_output.yaml[0m
Event sampler dtime_max type: <class 'float'>, value: 5.0
✓ Successfully loaded model and dataset
Using sequence length: 94 as number of prediction steps for dataset

2. Generating 94 prediction steps...
Generating 94 prediction steps...
Processing batch 1...
Original sequence length: 94, truncated to: 2 events
Processing batch 2...
Original sequence length: 93, truncated to: 2 events
Processing batch 3...
Original sequence length: 93, truncated to: 2 events

3. Logging generation results...
Generation results logged to: ./generation_results/NHP_amazon_20250730_114643.json

============================================================
GENERATION SUMMARY
============================================================
Model: NHP
Dataset: ./data/amazon/amazon/train.pkl
Prediction steps: 94
Total sequences processed: 3072
Wall time: 13.97 seconds
Sequences per second: 219.94
============================================================
Completed generation: NHP on amazon
