Starting generation: SAHP on taxi
Checkpoint: ./checkpoints/SAHP/taxi/20250729_171930/1547411_140475471013056_250729-171930/models
Dataset: ./data/taxi/taxi/train.pkl
Job ID: 15516
Array Task ID: 2
============================================================
EasyTPP Multistep Generation Script
============================================================

Trying with batch size: 1024

1. Loading SAHP model and dataset...
[31;1m2025-07-30 11:30:02,363 - config.py[pid:2020088;line:34:build_from_yaml_file] - CRITICAL: Load pipeline config class RunnerConfig[0m
[31;1m2025-07-30 11:30:02,439 - runner_config.py[pid:2020088;line:140:update_config] - CRITICAL: train model SAHP using GPU with torch backend[0m
[38;20m2025-07-30 11:30:02,447 - runner_config.py[pid:2020088;line:35:__init__] - INFO: Save the config to ./checkpoints/SAHP/taxi/20250729_171930/2020088_139756291925056_250730-113002/SAHP_train_output.yaml[0m
Event sampler dtime_max type: <class 'float'>, value: 5.0
✓ Successfully loaded model and dataset
Using sequence length: 37 as number of prediction steps for dataset

2. Generating 37 prediction steps...
Generating 37 prediction steps...
Processing batch 1...
Original sequence length: 38, truncated to: 2 events
Processing batch 2...
Original sequence length: 38, truncated to: 2 events

3. Logging generation results...
Generation results logged to: ./generation_results/SAHP_taxi_20250730_113013.json

============================================================
GENERATION SUMMARY
============================================================
Model: SAHP
Dataset: ./data/taxi/taxi/train.pkl
Prediction steps: 37
Total sequences processed: 1400
Wall time: 9.52 seconds
Sequences per second: 147.01
============================================================
Completed generation: SAHP on taxi
