Starting generation: AttNHP on taobao
Checkpoint: ./checkpoints/AttNHP/taobao/20250729_184304/1552747_140290269856960_250729-184304/models
Dataset: ./data/taobao/train.pkl
Job ID: 15559
Array Task ID: 18
============================================================
EasyTPP Multistep Generation Script
============================================================

Trying with batch size: 1024

1. Loading AttNHP model and dataset...
[31;1m2025-07-30 11:46:29,479 - config.py[pid:2034419;line:34:build_from_yaml_file] - CRITICAL: Load pipeline config class RunnerConfig[0m
[31;1m2025-07-30 11:46:29,490 - runner_config.py[pid:2034419;line:140:update_config] - CRITICAL: train model AttNHP using GPU with torch backend[0m
[38;20m2025-07-30 11:46:29,498 - runner_config.py[pid:2034419;line:35:__init__] - INFO: Save the config to ./checkpoints/AttNHP/taobao/20250729_184026/2034419_140395248370752_250730-114629/AttNHP_train_output.yaml[0m
Event sampler dtime_max type: <class 'float'>, value: 5.0
✓ Successfully loaded model and dataset
Using sequence length: 64 as number of prediction steps for dataset

2. Generating 64 prediction steps...
Generating 64 prediction steps...
Processing batch 1...
Original sequence length: 64, truncated to: 2 events
Error during generation with batch size 1024: CUDA out of memory. Tried to allocate 1.10 GiB. GPU 0 has a total capacity of 23.68 GiB of which 732.88 MiB is free. Including non-PyTorch memory, this process has 22.96 GiB memory in use. Of the allocated memory 17.32 GiB is allocated by PyTorch, and 5.40 GiB is reserved by PyTorch but unallocated. If reserved but unallocated memory is large try setting PYTORCH_CUDA_ALLOC_CONF=expandable_segments:True to avoid fragmentation.  See documentation for Memory Management  (https://pytorch.org/docs/stable/notes/cuda.html#environment-variables)

Trying with batch size: 512

1. Loading AttNHP model and dataset...
[31;1m2025-07-30 11:46:43,723 - config.py[pid:2034419;line:34:build_from_yaml_file] - CRITICAL: Load pipeline config class RunnerConfig[0m
[31;1m2025-07-30 11:46:43,727 - runner_config.py[pid:2034419;line:140:update_config] - CRITICAL: train model AttNHP using GPU with torch backend[0m
[38;20m2025-07-30 11:46:43,734 - runner_config.py[pid:2034419;line:35:__init__] - INFO: Save the config to ./checkpoints/AttNHP/taobao/20250729_184026/2034419_140395248370752_250730-114643/AttNHP_train_output.yaml[0m
Event sampler dtime_max type: <class 'float'>, value: 5.0
✓ Successfully loaded model and dataset
Using sequence length: 64 as number of prediction steps for dataset

2. Generating 64 prediction steps...
Generating 64 prediction steps...
Processing batch 1...
Original sequence length: 64, truncated to: 2 events
Error during generation with batch size 512: CUDA out of memory. Tried to allocate 1.16 GiB. GPU 0 has a total capacity of 23.68 GiB of which 920.88 MiB is free. Including non-PyTorch memory, this process has 22.77 GiB memory in use. Of the allocated memory 16.33 GiB is allocated by PyTorch, and 6.20 GiB is reserved by PyTorch but unallocated. If reserved but unallocated memory is large try setting PYTORCH_CUDA_ALLOC_CONF=expandable_segments:True to avoid fragmentation.  See documentation for Memory Management  (https://pytorch.org/docs/stable/notes/cuda.html#environment-variables)

Trying with batch size: 256

1. Loading AttNHP model and dataset...
[31;1m2025-07-30 11:46:59,467 - config.py[pid:2034419;line:34:build_from_yaml_file] - CRITICAL: Load pipeline config class RunnerConfig[0m
[31;1m2025-07-30 11:46:59,471 - runner_config.py[pid:2034419;line:140:update_config] - CRITICAL: train model AttNHP using GPU with torch backend[0m
[38;20m2025-07-30 11:46:59,479 - runner_config.py[pid:2034419;line:35:__init__] - INFO: Save the config to ./checkpoints/AttNHP/taobao/20250729_184026/2034419_140395248370752_250730-114659/AttNHP_train_output.yaml[0m
Event sampler dtime_max type: <class 'float'>, value: 5.0
✓ Successfully loaded model and dataset
Using sequence length: 64 as number of prediction steps for dataset

2. Generating 64 prediction steps...
Generating 64 prediction steps...
Processing batch 1...
Original sequence length: 64, truncated to: 2 events
Error during generation with batch size 256: CUDA out of memory. Tried to allocate 1.01 GiB. GPU 0 has a total capacity of 23.68 GiB of which 922.88 MiB is free. Including non-PyTorch memory, this process has 22.77 GiB memory in use. Of the allocated memory 15.72 GiB is allocated by PyTorch, and 6.81 GiB is reserved by PyTorch but unallocated. If reserved but unallocated memory is large try setting PYTORCH_CUDA_ALLOC_CONF=expandable_segments:True to avoid fragmentation.  See documentation for Memory Management  (https://pytorch.org/docs/stable/notes/cuda.html#environment-variables)

Trying with batch size: 128

1. Loading AttNHP model and dataset...
[31;1m2025-07-30 11:47:23,258 - config.py[pid:2034419;line:34:build_from_yaml_file] - CRITICAL: Load pipeline config class RunnerConfig[0m
[31;1m2025-07-30 11:47:23,262 - runner_config.py[pid:2034419;line:140:update_config] - CRITICAL: train model AttNHP using GPU with torch backend[0m
[38;20m2025-07-30 11:47:23,269 - runner_config.py[pid:2034419;line:35:__init__] - INFO: Save the config to ./checkpoints/AttNHP/taobao/20250729_184026/2034419_140395248370752_250730-114723/AttNHP_train_output.yaml[0m
Event sampler dtime_max type: <class 'float'>, value: 5.0
✓ Successfully loaded model and dataset
Using sequence length: 64 as number of prediction steps for dataset

2. Generating 64 prediction steps...
Generating 64 prediction steps...
Processing batch 1...
Original sequence length: 64, truncated to: 2 events
Error during generation with batch size 128: CUDA out of memory. Tried to allocate 3.43 GiB. GPU 0 has a total capacity of 23.68 GiB of which 2.30 GiB is free. Including non-PyTorch memory, this process has 21.37 GiB memory in use. Of the allocated memory 14.89 GiB is allocated by PyTorch, and 6.24 GiB is reserved by PyTorch but unallocated. If reserved but unallocated memory is large try setting PYTORCH_CUDA_ALLOC_CONF=expandable_segments:True to avoid fragmentation.  See documentation for Memory Management  (https://pytorch.org/docs/stable/notes/cuda.html#environment-variables)

Trying with batch size: 64

1. Loading AttNHP model and dataset...
[31;1m2025-07-30 11:48:07,438 - config.py[pid:2034419;line:34:build_from_yaml_file] - CRITICAL: Load pipeline config class RunnerConfig[0m
[31;1m2025-07-30 11:48:07,442 - runner_config.py[pid:2034419;line:140:update_config] - CRITICAL: train model AttNHP using GPU with torch backend[0m
[38;20m2025-07-30 11:48:07,449 - runner_config.py[pid:2034419;line:35:__init__] - INFO: Save the config to ./checkpoints/AttNHP/taobao/20250729_184026/2034419_140395248370752_250730-114807/AttNHP_train_output.yaml[0m
Event sampler dtime_max type: <class 'float'>, value: 5.0
✓ Successfully loaded model and dataset
Using sequence length: 64 as number of prediction steps for dataset

2. Generating 64 prediction steps...
Generating 64 prediction steps...
Processing batch 1...
Original sequence length: 64, truncated to: 2 events
Error during generation with batch size 64: CUDA out of memory. Tried to allocate 3.95 GiB. GPU 0 has a total capacity of 23.68 GiB of which 3.64 GiB is free. Including non-PyTorch memory, this process has 20.03 GiB memory in use. Of the allocated memory 13.35 GiB is allocated by PyTorch, and 6.44 GiB is reserved by PyTorch but unallocated. If reserved but unallocated memory is large try setting PYTORCH_CUDA_ALLOC_CONF=expandable_segments:True to avoid fragmentation.  See documentation for Memory Management  (https://pytorch.org/docs/stable/notes/cuda.html#environment-variables)

Trying with batch size: 32

1. Loading AttNHP model and dataset...
[31;1m2025-07-30 11:49:09,649 - config.py[pid:2034419;line:34:build_from_yaml_file] - CRITICAL: Load pipeline config class RunnerConfig[0m
[31;1m2025-07-30 11:49:09,653 - runner_config.py[pid:2034419;line:140:update_config] - CRITICAL: train model AttNHP using GPU with torch backend[0m
[38;20m2025-07-30 11:49:09,660 - runner_config.py[pid:2034419;line:35:__init__] - INFO: Save the config to ./checkpoints/AttNHP/taobao/20250729_184026/2034419_140395248370752_250730-114909/AttNHP_train_output.yaml[0m
Event sampler dtime_max type: <class 'float'>, value: 5.0
✓ Successfully loaded model and dataset
Using sequence length: 64 as number of prediction steps for dataset

2. Generating 64 prediction steps...
Generating 64 prediction steps...
Processing batch 1...
Original sequence length: 64, truncated to: 2 events
Processing batch 2...
Original sequence length: 64, truncated to: 2 events
Processing batch 3...
Original sequence length: 64, truncated to: 2 events

3. Logging generation results...
Generation results logged to: ./generation_results/AttNHP_taobao_20250730_115117.json

============================================================
GENERATION SUMMARY
============================================================
Model: AttNHP
Dataset: ./data/taobao/train.pkl
Prediction steps: 64
Total sequences processed: 96
Wall time: 126.85 seconds
Sequences per second: 0.76
============================================================
Completed generation: AttNHP on taobao
