Starting timed generation: RMTPP on retweet
Checkpoint: ./checkpoints/RMTPP/retweet/20250729_171829/1547139_140604324336832_250729-171829/models
Dataset: ./data/retweet/retweet/train.pkl
Job ID: 15689
Array Task ID: 13
============================================================
EasyTPP Timed Multistep Generation Script
============================================================

Trying with batch size: 2048

1. Loading model and dataset...
[31;1m2025-07-30 18:59:35,963 - config.py[pid:2270707;line:34:build_from_yaml_file] - CRITICAL: Load pipeline config class RunnerConfig[0m
[31;1m2025-07-30 18:59:35,997 - runner_config.py[pid:2270707;line:140:update_config] - CRITICAL: train model RMTPP using GPU with torch backend[0m
[38;20m2025-07-30 18:59:36,005 - runner_config.py[pid:2270707;line:35:__init__] - INFO: Save the config to ./checkpoints/RMTPP/retweet/20250729_171829/2270707_140053883917376_250730-185935/RMTPP_train_output.yaml[0m
✓ Successfully loaded model and dataset
Event sampler dtime_max type: <class 'float'>, value: 5.0
Using sequence length: 264 as number of prediction steps for dataset

2. Generating 264 prediction steps...
Generating 264 prediction steps...
Processing batch 1...
Original sequence length: 97, truncated to: 264 events
Processing batch 2...
Original sequence length: 97, truncated to: 264 events
Processing batch 3...
Original sequence length: 97, truncated to: 264 events

3. Logging generation results...
Generation results logged to: ./generation_results_timed/RMTPP_20250730_185939.json

============================================================
GENERATION SUMMARY
============================================================
Model: RMTPP
Dataset: ./data/retweet/retweet/train.pkl
Prediction steps: 264
Total sequences processed: 6144
Wall time: 1.32 seconds
Sequences per second: 4648.64

TIMING BREAKDOWN:
  Neural function evaluation: 0.4481s (50.8%)
  Thinning algorithm: 0.4337s (49.2%)
  Total sampling time: 0.8819s
  Total sampling calls: 300
============================================================
Completed timed generation: RMTPP on retweet
