Traceback (most recent call last):
  File "/home/ktnelson/figure_it_out/EasyTemporalPointProcess/generation_script.py", line 350, in try_generation_with_batch_size
    predictions, total_sequences, wall_time = generate_multistep_events(
                                              ^^^^^^^^^^^^^^^^^^^^^^^^^^
  File "/home/ktnelson/figure_it_out/EasyTemporalPointProcess/generation_script.py", line 240, in generate_multistep_events
    pred_dtime, pred_type, label_dtime, label_type = model.predict_multi_step_since_last_event(batch=batch_tuple, forward=True)
                                                     ^^^^^^^^^^^^^^^^^^^^^^^^^^^^^^^^^^^^^^^^^^^^^^^^^^^^^^^^^^^^^^^^^^^^^^^^^^
  File "/home/ktnelson/figure_it_out/EasyTemporalPointProcess/easy_tpp/model/torch_model/torch_basemodel.py", line 236, in predict_multi_step_since_last_event
    self.event_sampler.draw_next_time_one_step(time_seq,
  File "/home/ktnelson/figure_it_out/EasyTemporalPointProcess/easy_tpp/model/torch_model/torch_thinning.py", line 202, in draw_next_time_one_step
    intensities_at_sampled_times = intensity_fn(time_seq,
                                   ^^^^^^^^^^^^^^^^^^^^^^
  File "/home/ktnelson/figure_it_out/EasyTemporalPointProcess/easy_tpp/model/torch_model/torch_attnhp.py", line 314, in compute_intensities_at_sample_times
    encoder_output = self.compute_states_at_sample_times(time_seqs, type_seqs, attention_mask, sample_dtimes)
                     ^^^^^^^^^^^^^^^^^^^^^^^^^^^^^^^^^^^^^^^^^^^^^^^^^^^^^^^^^^^^^^^^^^^^^^^^^^^^^^^^^^^^^^^^
  File "/home/ktnelson/figure_it_out/EasyTemporalPointProcess/easy_tpp/model/torch_model/torch_attnhp.py", line 276, in compute_states_at_sample_times
    encoder_output = self.forward(_times,
                     ^^^^^^^^^^^^^^^^^^^^
  File "/home/ktnelson/figure_it_out/EasyTemporalPointProcess/easy_tpp/model/torch_model/torch_attnhp.py", line 195, in forward
    cur_layer_ = self.forward_pass(init_cur_layer, time_emb, sample_time_emb, event_emb, combined_mask)
                 ^^^^^^^^^^^^^^^^^^^^^^^^^^^^^^^^^^^^^^^^^^^^^^^^^^^^^^^^^^^^^^^^^^^^^^^^^^^^^^^^^^^^^^
  File "/home/ktnelson/figure_it_out/EasyTemporalPointProcess/easy_tpp/model/torch_model/torch_attnhp.py", line 106, in forward_pass
    enc_output = enc_layer(_combined_input, combined_mask)
                 ^^^^^^^^^^^^^^^^^^^^^^^^^^^^^^^^^^^^^^^^^
  File "/home/ktnelson/.local/lib/python3.11/site-packages/torch/nn/modules/module.py", line 1739, in _wrapped_call_impl
    return self._call_impl(*args, **kwargs)
           ^^^^^^^^^^^^^^^^^^^^^^^^^^^^^^^^
  File "/home/ktnelson/.local/lib/python3.11/site-packages/torch/nn/modules/module.py", line 1750, in _call_impl
    return forward_call(*args, **kwargs)
           ^^^^^^^^^^^^^^^^^^^^^^^^^^^^^
  File "/home/ktnelson/figure_it_out/EasyTemporalPointProcess/easy_tpp/model/torch_model/torch_baselayer.py", line 114, in forward
    x = self.self_attn(x, x, x, mask)
        ^^^^^^^^^^^^^^^^^^^^^^^^^^^^^
  File "/home/ktnelson/.local/lib/python3.11/site-packages/torch/nn/modules/module.py", line 1739, in _wrapped_call_impl
    return self._call_impl(*args, **kwargs)
           ^^^^^^^^^^^^^^^^^^^^^^^^^^^^^^^^
  File "/home/ktnelson/.local/lib/python3.11/site-packages/torch/nn/modules/module.py", line 1750, in _call_impl
    return forward_call(*args, **kwargs)
           ^^^^^^^^^^^^^^^^^^^^^^^^^^^^^
  File "/home/ktnelson/figure_it_out/EasyTemporalPointProcess/easy_tpp/model/torch_model/torch_baselayer.py", line 68, in forward
    x, attn_weight = attention(query, key, value, mask=mask, dropout=self.dropout)
                     ^^^^^^^^^^^^^^^^^^^^^^^^^^^^^^^^^^^^^^^^^^^^^^^^^^^^^^^^^^^^^
  File "/home/ktnelson/figure_it_out/EasyTemporalPointProcess/easy_tpp/model/torch_model/torch_baselayer.py", line 9, in attention
    scores = torch.matmul(query, key.transpose(-2, -1)) / math.sqrt(d_k)
             ~~~~~~~~~~~~~~~~~~~~~~~~~~~~~~~~~~~~~~~~~~~^~~~~~~~~~~~~~~~
torch.OutOfMemoryError: CUDA out of memory. Tried to allocate 1.10 GiB. GPU 0 has a total capacity of 23.68 GiB of which 732.88 MiB is free. Including non-PyTorch memory, this process has 22.96 GiB memory in use. Of the allocated memory 17.32 GiB is allocated by PyTorch, and 5.40 GiB is reserved by PyTorch but unallocated. If reserved but unallocated memory is large try setting PYTORCH_CUDA_ALLOC_CONF=expandable_segments:True to avoid fragmentation.  See documentation for Memory Management  (https://pytorch.org/docs/stable/notes/cuda.html#environment-variables)
Traceback (most recent call last):
  File "/home/ktnelson/figure_it_out/EasyTemporalPointProcess/generation_script.py", line 350, in try_generation_with_batch_size
    predictions, total_sequences, wall_time = generate_multistep_events(
                                              ^^^^^^^^^^^^^^^^^^^^^^^^^^
  File "/home/ktnelson/figure_it_out/EasyTemporalPointProcess/generation_script.py", line 240, in generate_multistep_events
    pred_dtime, pred_type, label_dtime, label_type = model.predict_multi_step_since_last_event(batch=batch_tuple, forward=True)
                                                     ^^^^^^^^^^^^^^^^^^^^^^^^^^^^^^^^^^^^^^^^^^^^^^^^^^^^^^^^^^^^^^^^^^^^^^^^^^
  File "/home/ktnelson/figure_it_out/EasyTemporalPointProcess/easy_tpp/model/torch_model/torch_basemodel.py", line 236, in predict_multi_step_since_last_event
    self.event_sampler.draw_next_time_one_step(time_seq,
  File "/home/ktnelson/figure_it_out/EasyTemporalPointProcess/easy_tpp/model/torch_model/torch_thinning.py", line 202, in draw_next_time_one_step
    intensities_at_sampled_times = intensity_fn(time_seq,
                                   ^^^^^^^^^^^^^^^^^^^^^^
  File "/home/ktnelson/figure_it_out/EasyTemporalPointProcess/easy_tpp/model/torch_model/torch_attnhp.py", line 314, in compute_intensities_at_sample_times
    encoder_output = self.compute_states_at_sample_times(time_seqs, type_seqs, attention_mask, sample_dtimes)
                     ^^^^^^^^^^^^^^^^^^^^^^^^^^^^^^^^^^^^^^^^^^^^^^^^^^^^^^^^^^^^^^^^^^^^^^^^^^^^^^^^^^^^^^^^
  File "/home/ktnelson/figure_it_out/EasyTemporalPointProcess/easy_tpp/model/torch_model/torch_attnhp.py", line 276, in compute_states_at_sample_times
    encoder_output = self.forward(_times,
                     ^^^^^^^^^^^^^^^^^^^^
  File "/home/ktnelson/figure_it_out/EasyTemporalPointProcess/easy_tpp/model/torch_model/torch_attnhp.py", line 195, in forward
    cur_layer_ = self.forward_pass(init_cur_layer, time_emb, sample_time_emb, event_emb, combined_mask)
                 ^^^^^^^^^^^^^^^^^^^^^^^^^^^^^^^^^^^^^^^^^^^^^^^^^^^^^^^^^^^^^^^^^^^^^^^^^^^^^^^^^^^^^^
  File "/home/ktnelson/figure_it_out/EasyTemporalPointProcess/easy_tpp/model/torch_model/torch_attnhp.py", line 106, in forward_pass
    enc_output = enc_layer(_combined_input, combined_mask)
                 ^^^^^^^^^^^^^^^^^^^^^^^^^^^^^^^^^^^^^^^^^
  File "/home/ktnelson/.local/lib/python3.11/site-packages/torch/nn/modules/module.py", line 1739, in _wrapped_call_impl
    return self._call_impl(*args, **kwargs)
           ^^^^^^^^^^^^^^^^^^^^^^^^^^^^^^^^
  File "/home/ktnelson/.local/lib/python3.11/site-packages/torch/nn/modules/module.py", line 1750, in _call_impl
    return forward_call(*args, **kwargs)
           ^^^^^^^^^^^^^^^^^^^^^^^^^^^^^
  File "/home/ktnelson/figure_it_out/EasyTemporalPointProcess/easy_tpp/model/torch_model/torch_baselayer.py", line 114, in forward
    x = self.self_attn(x, x, x, mask)
        ^^^^^^^^^^^^^^^^^^^^^^^^^^^^^
  File "/home/ktnelson/.local/lib/python3.11/site-packages/torch/nn/modules/module.py", line 1739, in _wrapped_call_impl
    return self._call_impl(*args, **kwargs)
           ^^^^^^^^^^^^^^^^^^^^^^^^^^^^^^^^
  File "/home/ktnelson/.local/lib/python3.11/site-packages/torch/nn/modules/module.py", line 1750, in _call_impl
    return forward_call(*args, **kwargs)
           ^^^^^^^^^^^^^^^^^^^^^^^^^^^^^
  File "/home/ktnelson/figure_it_out/EasyTemporalPointProcess/easy_tpp/model/torch_model/torch_baselayer.py", line 68, in forward
    x, attn_weight = attention(query, key, value, mask=mask, dropout=self.dropout)
                     ^^^^^^^^^^^^^^^^^^^^^^^^^^^^^^^^^^^^^^^^^^^^^^^^^^^^^^^^^^^^^
  File "/home/ktnelson/figure_it_out/EasyTemporalPointProcess/easy_tpp/model/torch_model/torch_baselayer.py", line 16, in attention
    return torch.matmul(p_attn, value), p_attn
           ^^^^^^^^^^^^^^^^^^^^^^^^^^^
torch.OutOfMemoryError: CUDA out of memory. Tried to allocate 1.16 GiB. GPU 0 has a total capacity of 23.68 GiB of which 920.88 MiB is free. Including non-PyTorch memory, this process has 22.77 GiB memory in use. Of the allocated memory 16.33 GiB is allocated by PyTorch, and 6.20 GiB is reserved by PyTorch but unallocated. If reserved but unallocated memory is large try setting PYTORCH_CUDA_ALLOC_CONF=expandable_segments:True to avoid fragmentation.  See documentation for Memory Management  (https://pytorch.org/docs/stable/notes/cuda.html#environment-variables)
Traceback (most recent call last):
  File "/home/ktnelson/figure_it_out/EasyTemporalPointProcess/generation_script.py", line 350, in try_generation_with_batch_size
    predictions, total_sequences, wall_time = generate_multistep_events(
                                              ^^^^^^^^^^^^^^^^^^^^^^^^^^
  File "/home/ktnelson/figure_it_out/EasyTemporalPointProcess/generation_script.py", line 240, in generate_multistep_events
    pred_dtime, pred_type, label_dtime, label_type = model.predict_multi_step_since_last_event(batch=batch_tuple, forward=True)
                                                     ^^^^^^^^^^^^^^^^^^^^^^^^^^^^^^^^^^^^^^^^^^^^^^^^^^^^^^^^^^^^^^^^^^^^^^^^^^
  File "/home/ktnelson/figure_it_out/EasyTemporalPointProcess/easy_tpp/model/torch_model/torch_basemodel.py", line 236, in predict_multi_step_since_last_event
    self.event_sampler.draw_next_time_one_step(time_seq,
  File "/home/ktnelson/figure_it_out/EasyTemporalPointProcess/easy_tpp/model/torch_model/torch_thinning.py", line 202, in draw_next_time_one_step
    intensities_at_sampled_times = intensity_fn(time_seq,
                                   ^^^^^^^^^^^^^^^^^^^^^^
  File "/home/ktnelson/figure_it_out/EasyTemporalPointProcess/easy_tpp/model/torch_model/torch_attnhp.py", line 314, in compute_intensities_at_sample_times
    encoder_output = self.compute_states_at_sample_times(time_seqs, type_seqs, attention_mask, sample_dtimes)
                     ^^^^^^^^^^^^^^^^^^^^^^^^^^^^^^^^^^^^^^^^^^^^^^^^^^^^^^^^^^^^^^^^^^^^^^^^^^^^^^^^^^^^^^^^
  File "/home/ktnelson/figure_it_out/EasyTemporalPointProcess/easy_tpp/model/torch_model/torch_attnhp.py", line 276, in compute_states_at_sample_times
    encoder_output = self.forward(_times,
                     ^^^^^^^^^^^^^^^^^^^^
  File "/home/ktnelson/figure_it_out/EasyTemporalPointProcess/easy_tpp/model/torch_model/torch_attnhp.py", line 195, in forward
    cur_layer_ = self.forward_pass(init_cur_layer, time_emb, sample_time_emb, event_emb, combined_mask)
                 ^^^^^^^^^^^^^^^^^^^^^^^^^^^^^^^^^^^^^^^^^^^^^^^^^^^^^^^^^^^^^^^^^^^^^^^^^^^^^^^^^^^^^^
  File "/home/ktnelson/figure_it_out/EasyTemporalPointProcess/easy_tpp/model/torch_model/torch_attnhp.py", line 106, in forward_pass
    enc_output = enc_layer(_combined_input, combined_mask)
                 ^^^^^^^^^^^^^^^^^^^^^^^^^^^^^^^^^^^^^^^^^
  File "/home/ktnelson/.local/lib/python3.11/site-packages/torch/nn/modules/module.py", line 1739, in _wrapped_call_impl
    return self._call_impl(*args, **kwargs)
           ^^^^^^^^^^^^^^^^^^^^^^^^^^^^^^^^
  File "/home/ktnelson/.local/lib/python3.11/site-packages/torch/nn/modules/module.py", line 1750, in _call_impl
    return forward_call(*args, **kwargs)
           ^^^^^^^^^^^^^^^^^^^^^^^^^^^^^
  File "/home/ktnelson/figure_it_out/EasyTemporalPointProcess/easy_tpp/model/torch_model/torch_baselayer.py", line 114, in forward
    x = self.self_attn(x, x, x, mask)
        ^^^^^^^^^^^^^^^^^^^^^^^^^^^^^
  File "/home/ktnelson/.local/lib/python3.11/site-packages/torch/nn/modules/module.py", line 1739, in _wrapped_call_impl
    return self._call_impl(*args, **kwargs)
           ^^^^^^^^^^^^^^^^^^^^^^^^^^^^^^^^
  File "/home/ktnelson/.local/lib/python3.11/site-packages/torch/nn/modules/module.py", line 1750, in _call_impl
    return forward_call(*args, **kwargs)
           ^^^^^^^^^^^^^^^^^^^^^^^^^^^^^
  File "/home/ktnelson/figure_it_out/EasyTemporalPointProcess/easy_tpp/model/torch_model/torch_baselayer.py", line 68, in forward
    x, attn_weight = attention(query, key, value, mask=mask, dropout=self.dropout)
                     ^^^^^^^^^^^^^^^^^^^^^^^^^^^^^^^^^^^^^^^^^^^^^^^^^^^^^^^^^^^^^
  File "/home/ktnelson/figure_it_out/EasyTemporalPointProcess/easy_tpp/model/torch_model/torch_baselayer.py", line 16, in attention
    return torch.matmul(p_attn, value), p_attn
           ^^^^^^^^^^^^^^^^^^^^^^^^^^^
torch.OutOfMemoryError: CUDA out of memory. Tried to allocate 1.01 GiB. GPU 0 has a total capacity of 23.68 GiB of which 922.88 MiB is free. Including non-PyTorch memory, this process has 22.77 GiB memory in use. Of the allocated memory 15.72 GiB is allocated by PyTorch, and 6.81 GiB is reserved by PyTorch but unallocated. If reserved but unallocated memory is large try setting PYTORCH_CUDA_ALLOC_CONF=expandable_segments:True to avoid fragmentation.  See documentation for Memory Management  (https://pytorch.org/docs/stable/notes/cuda.html#environment-variables)
Traceback (most recent call last):
  File "/home/ktnelson/figure_it_out/EasyTemporalPointProcess/generation_script.py", line 350, in try_generation_with_batch_size
    predictions, total_sequences, wall_time = generate_multistep_events(
                                              ^^^^^^^^^^^^^^^^^^^^^^^^^^
  File "/home/ktnelson/figure_it_out/EasyTemporalPointProcess/generation_script.py", line 240, in generate_multistep_events
    pred_dtime, pred_type, label_dtime, label_type = model.predict_multi_step_since_last_event(batch=batch_tuple, forward=True)
                                                     ^^^^^^^^^^^^^^^^^^^^^^^^^^^^^^^^^^^^^^^^^^^^^^^^^^^^^^^^^^^^^^^^^^^^^^^^^^
  File "/home/ktnelson/figure_it_out/EasyTemporalPointProcess/easy_tpp/model/torch_model/torch_basemodel.py", line 236, in predict_multi_step_since_last_event
    self.event_sampler.draw_next_time_one_step(time_seq,
  File "/home/ktnelson/figure_it_out/EasyTemporalPointProcess/easy_tpp/model/torch_model/torch_thinning.py", line 202, in draw_next_time_one_step
    intensities_at_sampled_times = intensity_fn(time_seq,
                                   ^^^^^^^^^^^^^^^^^^^^^^
  File "/home/ktnelson/figure_it_out/EasyTemporalPointProcess/easy_tpp/model/torch_model/torch_attnhp.py", line 314, in compute_intensities_at_sample_times
    encoder_output = self.compute_states_at_sample_times(time_seqs, type_seqs, attention_mask, sample_dtimes)
                     ^^^^^^^^^^^^^^^^^^^^^^^^^^^^^^^^^^^^^^^^^^^^^^^^^^^^^^^^^^^^^^^^^^^^^^^^^^^^^^^^^^^^^^^^
  File "/home/ktnelson/figure_it_out/EasyTemporalPointProcess/easy_tpp/model/torch_model/torch_attnhp.py", line 276, in compute_states_at_sample_times
    encoder_output = self.forward(_times,
                     ^^^^^^^^^^^^^^^^^^^^
  File "/home/ktnelson/figure_it_out/EasyTemporalPointProcess/easy_tpp/model/torch_model/torch_attnhp.py", line 195, in forward
    cur_layer_ = self.forward_pass(init_cur_layer, time_emb, sample_time_emb, event_emb, combined_mask)
                 ^^^^^^^^^^^^^^^^^^^^^^^^^^^^^^^^^^^^^^^^^^^^^^^^^^^^^^^^^^^^^^^^^^^^^^^^^^^^^^^^^^^^^^
  File "/home/ktnelson/figure_it_out/EasyTemporalPointProcess/easy_tpp/model/torch_model/torch_attnhp.py", line 106, in forward_pass
    enc_output = enc_layer(_combined_input, combined_mask)
                 ^^^^^^^^^^^^^^^^^^^^^^^^^^^^^^^^^^^^^^^^^
  File "/home/ktnelson/.local/lib/python3.11/site-packages/torch/nn/modules/module.py", line 1739, in _wrapped_call_impl
    return self._call_impl(*args, **kwargs)
           ^^^^^^^^^^^^^^^^^^^^^^^^^^^^^^^^
  File "/home/ktnelson/.local/lib/python3.11/site-packages/torch/nn/modules/module.py", line 1750, in _call_impl
    return forward_call(*args, **kwargs)
           ^^^^^^^^^^^^^^^^^^^^^^^^^^^^^
  File "/home/ktnelson/figure_it_out/EasyTemporalPointProcess/easy_tpp/model/torch_model/torch_baselayer.py", line 114, in forward
    x = self.self_attn(x, x, x, mask)
        ^^^^^^^^^^^^^^^^^^^^^^^^^^^^^
  File "/home/ktnelson/.local/lib/python3.11/site-packages/torch/nn/modules/module.py", line 1739, in _wrapped_call_impl
    return self._call_impl(*args, **kwargs)
           ^^^^^^^^^^^^^^^^^^^^^^^^^^^^^^^^
  File "/home/ktnelson/.local/lib/python3.11/site-packages/torch/nn/modules/module.py", line 1750, in _call_impl
    return forward_call(*args, **kwargs)
           ^^^^^^^^^^^^^^^^^^^^^^^^^^^^^
  File "/home/ktnelson/figure_it_out/EasyTemporalPointProcess/easy_tpp/model/torch_model/torch_baselayer.py", line 68, in forward
    x, attn_weight = attention(query, key, value, mask=mask, dropout=self.dropout)
                     ^^^^^^^^^^^^^^^^^^^^^^^^^^^^^^^^^^^^^^^^^^^^^^^^^^^^^^^^^^^^^
  File "/home/ktnelson/figure_it_out/EasyTemporalPointProcess/easy_tpp/model/torch_model/torch_baselayer.py", line 9, in attention
    scores = torch.matmul(query, key.transpose(-2, -1)) / math.sqrt(d_k)
             ~~~~~~~~~~~~~~~~~~~~~~~~~~~~~~~~~~~~~~~~~~~^~~~~~~~~~~~~~~~
torch.OutOfMemoryError: CUDA out of memory. Tried to allocate 3.43 GiB. GPU 0 has a total capacity of 23.68 GiB of which 2.30 GiB is free. Including non-PyTorch memory, this process has 21.37 GiB memory in use. Of the allocated memory 14.89 GiB is allocated by PyTorch, and 6.24 GiB is reserved by PyTorch but unallocated. If reserved but unallocated memory is large try setting PYTORCH_CUDA_ALLOC_CONF=expandable_segments:True to avoid fragmentation.  See documentation for Memory Management  (https://pytorch.org/docs/stable/notes/cuda.html#environment-variables)
Traceback (most recent call last):
  File "/home/ktnelson/figure_it_out/EasyTemporalPointProcess/generation_script.py", line 350, in try_generation_with_batch_size
    predictions, total_sequences, wall_time = generate_multistep_events(
                                              ^^^^^^^^^^^^^^^^^^^^^^^^^^
  File "/home/ktnelson/figure_it_out/EasyTemporalPointProcess/generation_script.py", line 240, in generate_multistep_events
    pred_dtime, pred_type, label_dtime, label_type = model.predict_multi_step_since_last_event(batch=batch_tuple, forward=True)
                                                     ^^^^^^^^^^^^^^^^^^^^^^^^^^^^^^^^^^^^^^^^^^^^^^^^^^^^^^^^^^^^^^^^^^^^^^^^^^
  File "/home/ktnelson/figure_it_out/EasyTemporalPointProcess/easy_tpp/model/torch_model/torch_basemodel.py", line 236, in predict_multi_step_since_last_event
    self.event_sampler.draw_next_time_one_step(time_seq,
  File "/home/ktnelson/figure_it_out/EasyTemporalPointProcess/easy_tpp/model/torch_model/torch_thinning.py", line 202, in draw_next_time_one_step
    intensities_at_sampled_times = intensity_fn(time_seq,
                                   ^^^^^^^^^^^^^^^^^^^^^^
  File "/home/ktnelson/figure_it_out/EasyTemporalPointProcess/easy_tpp/model/torch_model/torch_attnhp.py", line 314, in compute_intensities_at_sample_times
    encoder_output = self.compute_states_at_sample_times(time_seqs, type_seqs, attention_mask, sample_dtimes)
                     ^^^^^^^^^^^^^^^^^^^^^^^^^^^^^^^^^^^^^^^^^^^^^^^^^^^^^^^^^^^^^^^^^^^^^^^^^^^^^^^^^^^^^^^^
  File "/home/ktnelson/figure_it_out/EasyTemporalPointProcess/easy_tpp/model/torch_model/torch_attnhp.py", line 276, in compute_states_at_sample_times
    encoder_output = self.forward(_times,
                     ^^^^^^^^^^^^^^^^^^^^
  File "/home/ktnelson/figure_it_out/EasyTemporalPointProcess/easy_tpp/model/torch_model/torch_attnhp.py", line 195, in forward
    cur_layer_ = self.forward_pass(init_cur_layer, time_emb, sample_time_emb, event_emb, combined_mask)
                 ^^^^^^^^^^^^^^^^^^^^^^^^^^^^^^^^^^^^^^^^^^^^^^^^^^^^^^^^^^^^^^^^^^^^^^^^^^^^^^^^^^^^^^
  File "/home/ktnelson/figure_it_out/EasyTemporalPointProcess/easy_tpp/model/torch_model/torch_attnhp.py", line 106, in forward_pass
    enc_output = enc_layer(_combined_input, combined_mask)
                 ^^^^^^^^^^^^^^^^^^^^^^^^^^^^^^^^^^^^^^^^^
  File "/home/ktnelson/.local/lib/python3.11/site-packages/torch/nn/modules/module.py", line 1739, in _wrapped_call_impl
    return self._call_impl(*args, **kwargs)
           ^^^^^^^^^^^^^^^^^^^^^^^^^^^^^^^^
  File "/home/ktnelson/.local/lib/python3.11/site-packages/torch/nn/modules/module.py", line 1750, in _call_impl
    return forward_call(*args, **kwargs)
           ^^^^^^^^^^^^^^^^^^^^^^^^^^^^^
  File "/home/ktnelson/figure_it_out/EasyTemporalPointProcess/easy_tpp/model/torch_model/torch_baselayer.py", line 114, in forward
    x = self.self_attn(x, x, x, mask)
        ^^^^^^^^^^^^^^^^^^^^^^^^^^^^^
  File "/home/ktnelson/.local/lib/python3.11/site-packages/torch/nn/modules/module.py", line 1739, in _wrapped_call_impl
    return self._call_impl(*args, **kwargs)
           ^^^^^^^^^^^^^^^^^^^^^^^^^^^^^^^^
  File "/home/ktnelson/.local/lib/python3.11/site-packages/torch/nn/modules/module.py", line 1750, in _call_impl
    return forward_call(*args, **kwargs)
           ^^^^^^^^^^^^^^^^^^^^^^^^^^^^^
  File "/home/ktnelson/figure_it_out/EasyTemporalPointProcess/easy_tpp/model/torch_model/torch_baselayer.py", line 68, in forward
    x, attn_weight = attention(query, key, value, mask=mask, dropout=self.dropout)
                     ^^^^^^^^^^^^^^^^^^^^^^^^^^^^^^^^^^^^^^^^^^^^^^^^^^^^^^^^^^^^^
  File "/home/ktnelson/figure_it_out/EasyTemporalPointProcess/easy_tpp/model/torch_model/torch_baselayer.py", line 12, in attention
    scores = scores.masked_fill(mask > 0, -1e9)
             ^^^^^^^^^^^^^^^^^^^^^^^^^^^^^^^^^^
torch.OutOfMemoryError: CUDA out of memory. Tried to allocate 3.95 GiB. GPU 0 has a total capacity of 23.68 GiB of which 3.64 GiB is free. Including non-PyTorch memory, this process has 20.03 GiB memory in use. Of the allocated memory 13.35 GiB is allocated by PyTorch, and 6.44 GiB is reserved by PyTorch but unallocated. If reserved but unallocated memory is large try setting PYTORCH_CUDA_ALLOC_CONF=expandable_segments:True to avoid fragmentation.  See documentation for Memory Management  (https://pytorch.org/docs/stable/notes/cuda.html#environment-variables)
