Starting generation: RMTPP on stackoverflow
Checkpoint: ./checkpoints/RMTPP/stackoverflow/20250729_171832/1547205_140694965437632_250729-171832/models
Dataset: ./data/stackoverflow/so_v2/train.pkl
Job ID: 15550
Array Task ID: 9
============================================================
EasyTPP Multistep Generation Script
============================================================

Trying with batch size: 1024

1. Loading RMTPP model and dataset...
[31;1m2025-07-30 11:46:22,791 - config.py[pid:2033651;line:34:build_from_yaml_file] - CRITICAL: Load pipeline config class RunnerConfig[0m
[31;1m2025-07-30 11:46:23,037 - runner_config.py[pid:2033651;line:140:update_config] - CRITICAL: train model RMTPP using GPU with torch backend[0m
[38;20m2025-07-30 11:46:23,045 - runner_config.py[pid:2033651;line:35:__init__] - INFO: Save the config to ./checkpoints/RMTPP/stackoverflow/20250729_171832/2033651_140707588998208_250730-114622/RMTPP_train_output.yaml[0m
Event sampler dtime_max type: <class 'float'>, value: 5.0
✓ Successfully loaded model and dataset
Using sequence length: 101 as number of prediction steps for dataset

2. Generating 101 prediction steps...
Generating 101 prediction steps...
Processing batch 1...
Original sequence length: 101, truncated to: 2 events
Processing batch 2...
Original sequence length: 101, truncated to: 2 events

3. Logging generation results...
Generation results logged to: ./generation_results/RMTPP_stackoverflow_20250730_114626.json

============================================================
GENERATION SUMMARY
============================================================
Model: RMTPP
Dataset: ./data/stackoverflow/so_v2/train.pkl
Prediction steps: 101
Total sequences processed: 1401
Wall time: 2.04 seconds
Sequences per second: 687.26
============================================================
Completed generation: RMTPP on stackoverflow
