Starting generation: IntensityFree on stackoverflow
Checkpoint: ./checkpoints/IntensityFree/stackoverflow/20250729_184040/1552555_139819685872832_250729-184040/models
Dataset: ./data/stackoverflow/so_v2/train.pkl
Job ID: 15538
Array Task ID: 24
============================================================
EasyTPP Multistep Generation Script
============================================================

Trying with batch size: 1024

1. Loading IntensityFree model and dataset...
[31;1m2025-07-30 11:30:39,546 - config.py[pid:2021271;line:34:build_from_yaml_file] - CRITICAL: Load pipeline config class RunnerConfig[0m
[31;1m2025-07-30 11:30:39,590 - runner_config.py[pid:2021271;line:140:update_config] - CRITICAL: train model IntensityFree using GPU with torch backend[0m
[38;20m2025-07-30 11:30:39,598 - runner_config.py[pid:2021271;line:35:__init__] - INFO: Save the config to ./checkpoints/IntensityFree/stackoverflow/20250729_184040/2021271_140604673819712_250730-113039/IntensityFree_train_output.yaml[0m
Event sampler dtime_max type: <class 'float'>, value: 5.0
✓ Successfully loaded model and dataset
Using sequence length: 50 as number of prediction steps for dataset

2. Generating 50 prediction steps...
Generating 50 prediction steps...
Processing batch 1...
Original sequence length: 101, truncated to: 2 events
Processing batch 2...
Original sequence length: 101, truncated to: 2 events

3. Logging generation results...
Generation results logged to: ./generation_results/IntensityFree_stackoverflow_20250730_113041.json

============================================================
GENERATION SUMMARY
============================================================
Model: IntensityFree
Dataset: ./data/stackoverflow/so_v2/train.pkl
Prediction steps: 50
Total sequences processed: 1401
Wall time: 0.76 seconds
Sequences per second: 1837.50
============================================================
Completed generation: IntensityFree on stackoverflow
