Starting timed generation: RMTPP on taobao
Checkpoint: ./checkpoints/RMTPP/taobao/20250729_171829/1547138_140181880394944_250729-171829/models
Dataset: ./data/taobao/train.pkl
Job ID: 15687
Array Task ID: 11
============================================================
EasyTPP Timed Multistep Generation Script
============================================================

Trying with batch size: 2048

1. Loading model and dataset...
[31;1m2025-07-30 18:59:27,393 - config.py[pid:2270563;line:34:build_from_yaml_file] - CRITICAL: Load pipeline config class RunnerConfig[0m
[31;1m2025-07-30 18:59:27,685 - runner_config.py[pid:2270563;line:140:update_config] - CRITICAL: train model RMTPP using GPU with torch backend[0m
[38;20m2025-07-30 18:59:27,693 - runner_config.py[pid:2270563;line:35:__init__] - INFO: Save the config to ./checkpoints/RMTPP/taobao/20250729_171829/2270563_139819145753664_250730-185927/RMTPP_train_output.yaml[0m
✓ Successfully loaded model and dataset
Event sampler dtime_max type: <class 'float'>, value: 5.0
Using sequence length: 64 as number of prediction steps for dataset

2. Generating 64 prediction steps...
Generating 64 prediction steps...
Processing batch 1...
Original sequence length: 64, truncated to: 64 events

3. Logging generation results...
Generation results logged to: ./generation_results_timed/RMTPP_20250730_185932.json

============================================================
GENERATION SUMMARY
============================================================
Model: RMTPP
Dataset: ./data/taobao/train.pkl
Prediction steps: 64
Total sequences processed: 1300
Wall time: 1.20 seconds
Sequences per second: 1086.76

TIMING BREAKDOWN:
  Neural function evaluation: 0.7678s (80.0%)
  Thinning algorithm: 0.1917s (20.0%)
  Total sampling time: 0.9595s
  Total sampling calls: 100
============================================================
Completed timed generation: RMTPP on taobao
