Starting generation: IntensityFree on taobao
Checkpoint: ./checkpoints/IntensityFree/taobao/20250729_184040/1552556_140019626476736_250729-184040/models
Dataset: ./data/taobao/train.pkl
Job ID: 15537
Array Task ID: 23
============================================================
EasyTPP Multistep Generation Script
============================================================

Trying with batch size: 1024

1. Loading IntensityFree model and dataset...
[31;1m2025-07-30 11:30:37,694 - config.py[pid:2021239;line:34:build_from_yaml_file] - CRITICAL: Load pipeline config class RunnerConfig[0m
[31;1m2025-07-30 11:30:38,054 - runner_config.py[pid:2021239;line:140:update_config] - CRITICAL: train model IntensityFree using GPU with torch backend[0m
[38;20m2025-07-30 11:30:38,062 - runner_config.py[pid:2021239;line:35:__init__] - INFO: Save the config to ./checkpoints/IntensityFree/taobao/20250729_184040/2021239_140553534551104_250730-113037/IntensityFree_train_output.yaml[0m
Event sampler dtime_max type: <class 'float'>, value: 5.0
✓ Successfully loaded model and dataset
Using sequence length: 50 as number of prediction steps for dataset

2. Generating 50 prediction steps...
Generating 50 prediction steps...
Processing batch 1...
Original sequence length: 64, truncated to: 2 events
Processing batch 2...
Original sequence length: 64, truncated to: 2 events

3. Logging generation results...
Generation results logged to: ./generation_results/IntensityFree_taobao_20250730_113039.json

============================================================
GENERATION SUMMARY
============================================================
Model: IntensityFree
Dataset: ./data/taobao/train.pkl
Prediction steps: 50
Total sequences processed: 1300
Wall time: 0.32 seconds
Sequences per second: 4004.77
============================================================
Completed generation: IntensityFree on taobao
