Starting generation: NHP on stackoverflow
Checkpoint: ./checkpoints/NHP/stackoverflow/20250729_171913/1547362_140673095582912_250729-171913/models
Dataset: ./data/stackoverflow/so_v2/train.pkl
Job ID: 15555
Array Task ID: 14
============================================================
EasyTPP Multistep Generation Script
============================================================

Trying with batch size: 1024

1. Loading NHP model and dataset...
[31;1m2025-07-30 11:46:24,398 - config.py[pid:2034113;line:34:build_from_yaml_file] - CRITICAL: Load pipeline config class RunnerConfig[0m
[31;1m2025-07-30 11:46:24,413 - runner_config.py[pid:2034113;line:140:update_config] - CRITICAL: train model NHP using GPU with torch backend[0m
[38;20m2025-07-30 11:46:24,420 - runner_config.py[pid:2034113;line:35:__init__] - INFO: Save the config to ./checkpoints/NHP/stackoverflow/20250729_171913/2034113_140309737739328_250730-114624/NHP_train_output.yaml[0m
Event sampler dtime_max type: <class 'float'>, value: 5.0
✓ Successfully loaded model and dataset
Using sequence length: 101 as number of prediction steps for dataset

2. Generating 101 prediction steps...
Generating 101 prediction steps...
Processing batch 1...
Original sequence length: 101, truncated to: 2 events
Processing batch 2...
Original sequence length: 101, truncated to: 2 events

3. Logging generation results...
Generation results logged to: ./generation_results/NHP_stackoverflow_20250730_114635.json

============================================================
GENERATION SUMMARY
============================================================
Model: NHP
Dataset: ./data/stackoverflow/so_v2/train.pkl
Prediction steps: 101
Total sequences processed: 1401
Wall time: 9.41 seconds
Sequences per second: 148.87
============================================================
Completed generation: NHP on stackoverflow
