Starting timed generation: NHP on taxi
Checkpoint: ./checkpoints/NHP/taxi/20250729_171832/1547204_139728506623168_250729-171832/models
Dataset: ./data/taxi/taxi/train.pkl
Job ID: 15691
Array Task ID: 15
============================================================
EasyTPP Timed Multistep Generation Script
============================================================

Trying with batch size: 2048

1. Loading model and dataset...
[31;1m2025-07-30 18:59:42,344 - config.py[pid:2270781;line:34:build_from_yaml_file] - CRITICAL: Load pipeline config class RunnerConfig[0m
[31;1m2025-07-30 18:59:42,372 - runner_config.py[pid:2270781;line:140:update_config] - CRITICAL: train model NHP using GPU with torch backend[0m
[38;20m2025-07-30 18:59:42,379 - runner_config.py[pid:2270781;line:35:__init__] - INFO: Save the config to ./checkpoints/NHP/taxi/20250729_171832/2270781_139797508412480_250730-185942/NHP_train_output.yaml[0m
✓ Successfully loaded model and dataset
Event sampler dtime_max type: <class 'float'>, value: 5.0
Using sequence length: 38 as number of prediction steps for dataset

2. Generating 38 prediction steps...
Generating 38 prediction steps...
Processing batch 1...
Original sequence length: 38, truncated to: 38 events

3. Logging generation results...
Generation results logged to: ./generation_results_timed/NHP_20250730_185950.json

============================================================
GENERATION SUMMARY
============================================================
Model: NHP
Dataset: ./data/taxi/taxi/train.pkl
Prediction steps: 38
Total sequences processed: 1400
Wall time: 7.35 seconds
Sequences per second: 190.47

TIMING BREAKDOWN:
  Neural function evaluation: 2.2580s (43.5%)
  Thinning algorithm: 2.9338s (56.5%)
  Total sampling time: 5.1918s
  Total sampling calls: 100
============================================================
Completed timed generation: NHP on taxi
