Starting generation: SAHP on taobao
Checkpoint: ./checkpoints/SAHP/taobao/20250729_172334/1547663_140473062724800_250729-172335/models
Dataset: ./data/taobao/train.pkl
Job ID: 15544
Array Task ID: 3
============================================================
EasyTPP Multistep Generation Script
============================================================

Trying with batch size: 1024

1. Loading SAHP model and dataset...
[31;1m2025-07-30 11:46:05,468 - config.py[pid:2033104;line:34:build_from_yaml_file] - CRITICAL: Load pipeline config class RunnerConfig[0m
[31;1m2025-07-30 11:46:05,503 - runner_config.py[pid:2033104;line:140:update_config] - CRITICAL: train model SAHP using GPU with torch backend[0m
[38;20m2025-07-30 11:46:05,511 - runner_config.py[pid:2033104;line:35:__init__] - INFO: Save the config to ./checkpoints/SAHP/taobao/20250729_172334/2033104_140142763476032_250730-114605/SAHP_train_output.yaml[0m
Event sampler dtime_max type: <class 'float'>, value: 5.0
✓ Successfully loaded model and dataset
Using sequence length: 64 as number of prediction steps for dataset

2. Generating 64 prediction steps...
Generating 64 prediction steps...
Processing batch 1...
Original sequence length: 64, truncated to: 2 events
Processing batch 2...
Original sequence length: 64, truncated to: 2 events

3. Logging generation results...
Generation results logged to: ./generation_results/SAHP_taobao_20250730_114621.json

============================================================
GENERATION SUMMARY
============================================================
Model: SAHP
Dataset: ./data/taobao/train.pkl
Prediction steps: 64
Total sequences processed: 1300
Wall time: 13.85 seconds
Sequences per second: 93.88
============================================================
Completed generation: SAHP on taobao
