Starting timed generation: NHP on amazon
Checkpoint: ./checkpoints/NHP/amazon/20250729_171835/1547251_139924135015616_250729-171835/models
Dataset: ./data/amazon/amazon/train.pkl
Job ID: 15675
Array Task ID: 19
============================================================
EasyTPP Timed Multistep Generation Script
============================================================

Trying with batch size: 2048

1. Loading model and dataset...
[31;1m2025-07-30 18:59:57,049 - config.py[pid:2270985;line:34:build_from_yaml_file] - CRITICAL: Load pipeline config class RunnerConfig[0m
[31;1m2025-07-30 18:59:57,084 - runner_config.py[pid:2270985;line:140:update_config] - CRITICAL: train model NHP using GPU with torch backend[0m
[38;20m2025-07-30 18:59:57,091 - runner_config.py[pid:2270985;line:35:__init__] - INFO: Save the config to ./checkpoints/NHP/amazon/20250729_171835/2270985_139677065245760_250730-185957/NHP_train_output.yaml[0m
✓ Successfully loaded model and dataset
Event sampler dtime_max type: <class 'float'>, value: 5.0
Using sequence length: 94 as number of prediction steps for dataset

2. Generating 94 prediction steps...
Generating 94 prediction steps...
Processing batch 1...
Original sequence length: 94, truncated to: 94 events
Processing batch 2...
Original sequence length: 94, truncated to: 94 events
Processing batch 3...
Original sequence length: 94, truncated to: 94 events

3. Logging generation results...
Generation results logged to: ./generation_results_timed/NHP_20250730_190034.json

============================================================
GENERATION SUMMARY
============================================================
Model: NHP
Dataset: ./data/amazon/amazon/train.pkl
Prediction steps: 94
Total sequences processed: 6144
Wall time: 35.89 seconds
Sequences per second: 171.18

TIMING BREAKDOWN:
  Neural function evaluation: 10.6107s (42.1%)
  Thinning algorithm: 14.6211s (57.9%)
  Total sampling time: 25.2318s
  Total sampling calls: 300
============================================================
Completed timed generation: NHP on amazon
