Starting generation: THP on taxi
Checkpoint: ./checkpoints/THP/taxi/20250729_172516/1547788_139709305361600_250729-172516/models
Dataset: ./data/taxi/taxi/train.pkl
Job ID: 15512
Array Task ID: 0
============================================================
EasyTPP Multistep Generation Script
============================================================

Trying with batch size: 1024

1. Loading THP model and dataset...
[31;1m2025-07-30 11:27:54,615 - config.py[pid:2018372;line:34:build_from_yaml_file] - CRITICAL: Load pipeline config class RunnerConfig[0m
[31;1m2025-07-30 11:27:54,657 - runner_config.py[pid:2018372;line:140:update_config] - CRITICAL: train model THP using GPU with torch backend[0m
[38;20m2025-07-30 11:27:54,664 - runner_config.py[pid:2018372;line:35:__init__] - INFO: Save the config to ./checkpoints/THP/taxi/20250729_172516/2018372_140368794145856_250730-112754/THP_train_output.yaml[0m
Event sampler dtime_max type: <class 'float'>, value: 5.0
✓ Successfully loaded model and dataset
Using sequence length: 37 as number of prediction steps for dataset

2. Generating 37 prediction steps...
Generating 37 prediction steps...
Processing batch 1...
Original sequence length: 38, truncated to: 2 events
Processing batch 2...
Original sequence length: 38, truncated to: 2 events

3. Logging generation results...
Generation results logged to: ./generation_results/THP_taxi_20250730_112801.json

============================================================
GENERATION SUMMARY
============================================================
Model: THP
Dataset: ./data/taxi/taxi/train.pkl
Prediction steps: 37
Total sequences processed: 1400
Wall time: 5.65 seconds
Sequences per second: 247.70
============================================================
Completed generation: THP on taxi
