Starting generation: IntensityFree on taxi
Checkpoint: ./checkpoints/IntensityFree/taxi/20250729_184026/1552401_140364318291136_250729-184026/models
Dataset: ./data/taxi/taxi/train.pkl
Job ID: 15536
Array Task ID: 22
============================================================
EasyTPP Multistep Generation Script
============================================================

Trying with batch size: 1024

1. Loading IntensityFree model and dataset...
[31;1m2025-07-30 11:30:32,714 - config.py[pid:2021125;line:34:build_from_yaml_file] - CRITICAL: Load pipeline config class RunnerConfig[0m
[31;1m2025-07-30 11:30:32,863 - runner_config.py[pid:2021125;line:140:update_config] - CRITICAL: train model IntensityFree using GPU with torch backend[0m
[38;20m2025-07-30 11:30:32,870 - runner_config.py[pid:2021125;line:35:__init__] - INFO: Save the config to ./test_checkpoints/IntensityFree/taxi/20250729_183707/2021125_140261496058944_250730-113032/IntensityFree_train_output.yaml[0m
Event sampler dtime_max type: <class 'float'>, value: 5.0
✓ Successfully loaded model and dataset
Using sequence length: 37 as number of prediction steps for dataset

2. Generating 37 prediction steps...
Generating 37 prediction steps...
Processing batch 1...
Original sequence length: 38, truncated to: 2 events
Processing batch 2...
Original sequence length: 38, truncated to: 2 events

3. Logging generation results...
Generation results logged to: ./generation_results/IntensityFree_taxi_20250730_113034.json

============================================================
GENERATION SUMMARY
============================================================
Model: IntensityFree
Dataset: ./data/taxi/taxi/train.pkl
Prediction steps: 37
Total sequences processed: 1400
Wall time: 0.53 seconds
Sequences per second: 2628.65
============================================================
Completed generation: IntensityFree on taxi
